Found 4 prediction graphs
[44b6_0113de3b] after edge-filter+motion-relink: 25822 nodes, 24951 edges
[44b6_0113de3b] after gap-closing (single-frame + gap2): 25882 nodes, 25063 edges
[44b6_0113de3b] after safe-division repair: 25882 nodes, 25157 edges (geometric_candidates = 562, deepcenter_rejected = 386, post_veto_candidates = 176, added = 94, cap_skipped = 2, mutual_nn_rejected = 60, divergence_rejected = 145)
[44b6_0113de3b] after division-geometry-filter+prune-isolated: 25877 nodes, 25157 edges
[44b6_0113de3b] after short-track filtering: 25640 nodes, 24974 edges (components_removed = 54)
[44b6_0113de3b] FINAL: 25640 nodes, 24974 edges
[44b6_0b24845f] after edge-filter+motion-relink: 22491 nodes, 20375 edges
[44b6_0b24845f] after gap-closing (single-frame + gap2): 22873 nodes, 21067 edges
[44b6_0b24845f] after safe-division repair: 22873 nodes, 21121 edges (geometric_candidates = 764, deepcenter_rejected = 692, post_veto_candidates = 72, added = 54, cap_skipped = 0, mutual_nn_rejected = 56, divergence_rejected = 381)
[44b6_0b24845f] after division-geometry-filter+prune-isolated: 22858 nodes, 21121 edges
[44b6_0b24845f] after short-track filtering: 20755 nodes, 19498 edges (components_removed = 480)
[44b6_0b24845f] FINAL: 20755 nodes, 19498 edges
[6bba_05b6850b] after edge-filter+motion-relink: 6305 nodes, 6032 edges
[6bba_05b6850b] after gap-closing (single-frame + gap2): 6336 nodes, 6088 edges
[6bba_05b6850b] after safe-division repair: 6336 nodes, 6103 edges (geometric_candidates = 79, deepcenter_rejected = 56, post_veto_candidates = 23, added = 15, cap_skipped = 0, mutual_nn_rejected = 5, divergence_rejected = 25)
[6bba_05b6850b] after division-geometry-filter+prune-isolated: 6335 nodes, 6103 edges
[6bba_05b6850b] after short-track filtering: 6159 nodes, 5968 edges (components_removed = 41)
[6bba_05b6850b] FINAL: 6159 nodes, 5968 edges
[6bba_05db0fb1] after edge-filter+motion-relink: 70687 nodes, 67990 edges
[6bba_05db0fb1] after gap-closing (single-frame + gap2): 71114 nodes, 68785 edges
[6bba_05db0fb1] after safe-division repair: 71114 nodes, 68906 edges (geometric_candidates = 2122, deepcenter_rejected = 1863, post_veto_candidates = 259, added = 121, cap_skipped = 0, mutual_nn_rejected = 256, divergence_rejected = 824)
[6bba_05db0fb1] after division-geometry-filter+prune-isolated: 71087 nodes, 68906 edges
[6bba_05db0fb1] after short-track filtering: 70325 nodes, 68322 edges (components_removed = 178)
[6bba_05db0fb1] FINAL: 70325 nodes, 68322 edges
Wrote /kaggle/working/submission.csv with 241,641 rows
Node rows: 122,879 | edge rows: 118,762
Wrote /kaggle/working/run_stats.csv
