[44b6_12dfb391] after edge-filter+motion-relink: 45351 nodes, 43045 edges
[44b6_12dfb391] after gap-closing (single-frame + gap2): 46001 nodes, 44273 edges
[44b6_12dfb391] after safe-division repair: 46001 nodes, 44351 edges (geometric_candidates = 1173, deepcenter_rejected = 1089, post_veto_candidates = 84, added = 78, cap_skipped = 0, mutual_nn_rejected = 60, divergence_rejected = 546)
[44b6_12dfb391] after division-geometry-filter+prune-isolated: 45999 nodes, 44351 edges
[44b6_12dfb391] after short-track filtering: 44955 nodes, 43542 edges (components_removed = 235)
[44b6_12dfb391] FINAL: 44955 nodes, 43542 edges
[44b6_267148e4] after edge-filter+motion-relink: 22829 nodes, 21448 edges
[44b6_267148e4] after gap-closing (single-frame + gap2): 23061 nodes, 21865 edges
[44b6_267148e4] after safe-division repair: 23061 nodes, 21930 edges (geometric_candidates = 861, deepcenter_rejected = 710, post_veto_candidates = 151, added = 65, cap_skipped = 0, mutual_nn_rejected = 138, divergence_rejected = 412)
[44b6_267148e4] after division-geometry-filter+prune-isolated: 23001 nodes, 21930 edges
[44b6_267148e4] after short-track filtering: 22281 nodes, 21384 edges (components_removed = 174)
[44b6_267148e4] FINAL: 22281 nodes, 21384 edges
[44b6_2a2eff9f] after edge-filter+motion-relink: 40928 nodes, 38433 edges
[44b6_2a2eff9f] after gap-closing (single-frame + gap2): 41445 nodes, 39392 edges
[44b6_2a2eff9f] after safe-division repair: 41445 nodes, 39482 edges (geometric_candidates = 1346, deepcenter_rejected = 1248, post_veto_candidates = 98, added = 90, cap_skipped = 0, mutual_nn_rejected = 75, divergence_rejected = 617)
[44b6_2a2eff9f] after division-geometry-filter+prune-isolated: 41441 nodes, 39482 edges
[44b6_2a2eff9f] after short-track filtering: 40146 nodes, 38479 edges (components_removed = 292)
[44b6_2a2eff9f] FINAL: 40146 nodes, 38479 edges
[44b6_341df25f] after edge-filter+motion-relink: 8523 nodes, 8210 edges
[44b6_341df25f] after gap-closing (single-frame + gap2): 8568 nodes, 8288 edges
[44b6_341df25f] after safe-division repair: 8568 nodes, 8309 edges (geometric_candidates = 135, deepcenter_rejected = 110, post_veto_candidates = 25, added = 21, cap_skipped = 0, mutual_nn_rejected = 3, divergence_rejected = 42)
[44b6_341df25f] after division-geometry-filter+prune-isolated: 8568 nodes, 8309 edges
[44b6_341df25f] after short-track filtering: 8419 nodes, 8193 edges (components_removed = 33)
[44b6_341df25f] FINAL: 8419 nodes, 8193 edges
[6bba_062c8d37] after edge-filter+motion-relink: 5997 nodes, 5645 edges
[6bba_062c8d37] after gap-closing (single-frame + gap2): 6048 nodes, 5740 edges
[6bba_062c8d37] after safe-division repair: 6048 nodes, 5753 edges (geometric_candidates = 59, deepcenter_rejected = 41, post_veto_candidates = 18, added = 13, cap_skipped = 0, mutual_nn_rejected = 3, divergence_rejected = 22)
[6bba_062c8d37] after division-geometry-filter+prune-isolated: 6022 nodes, 5753 edges
[6bba_062c8d37] after short-track filtering: 5857 nodes, 5632 edges (components_removed = 44)
[6bba_062c8d37] FINAL: 5857 nodes, 5632 edges
[6bba_07e24132] after edge-filter+motion-relink: 29751 nodes, 28214 edges
[6bba_07e24132] after gap-closing (single-frame + gap2): 30087 nodes, 28828 edges
[6bba_07e24132] after safe-division repair: 30087 nodes, 28858 edges (geometric_candidates = 793, deepcenter_rejected = 744, post_veto_candidates = 49, added = 30, cap_skipped = 0, mutual_nn_rejected = 69, divergence_rejected = 331)
[6bba_07e24132] after division-geometry-filter+prune-isolated: 30080 nodes, 28858 edges
[6bba_07e24132] after short-track filtering: 29204 nodes, 28184 edges (components_removed = 202)
[6bba_07e24132] FINAL: 29204 nodes, 28184 edges
[6bba_085bf656] after edge-filter+motion-relink: 8417 nodes, 8092 edges
[6bba_085bf656] after gap-closing (single-frame + gap2): 8438 nodes, 8131 edges
[6bba_085bf656] after safe-division repair: 8438 nodes, 8144 edges (geometric_candidates = 100, deepcenter_rejected = 84, post_veto_candidates = 16, added = 13, cap_skipped = 0, mutual_nn_rejected = 4, divergence_rejected = 23)
[6bba_085bf656] after division-geometry-filter+prune-isolated: 8435 nodes, 8144 edges
[6bba_085bf656] after short-track filtering: 8300 nodes, 8039 edges (components_removed = 30)
[6bba_085bf656] FINAL: 8300 nodes, 8039 edges
[6bba_09961292] after edge-filter+motion-relink: 29955 nodes, 28814 edges
[6bba_09961292] after gap-closing (single-frame + gap2): 30165 nodes, 29195 edges
[6bba_09961292] after safe-division repair: 30165 nodes, 29259 edges (geometric_candidates = 819, deepcenter_rejected = 676, post_veto_candidates = 143, added = 64, cap_skipped = 0, mutual_nn_rejected = 76, divergence_rejected = 283)
[6bba_09961292] after division-geometry-filter+prune-isolated: 30159 nodes, 29259 edges
[6bba_09961292] after short-track filtering: 29760 nodes, 28955 edges (components_removed = 95)
[6bba_09961292] FINAL: 29760 nodes, 28955 edges
VALIDATOR candidate: gap45 proxy = 0.936957 adjusted edge = 0.925846
[44b6_12dfb391] after edge-filter+motion-relink: 45351 nodes, 43042 edges
[44b6_12dfb391] after gap-closing (single-frame + gap2): 46007 nodes, 44283 edges
[44b6_12dfb391] after safe-division repair: 46007 nodes, 44362 edges (geometric_candidates = 1173, deepcenter_rejected = 1088, post_veto_candidates = 85, added = 79, cap_skipped = 0, mutual_nn_rejected = 59, divergence_rejected = 543)
[44b6_12dfb391] after division-geometry-filter+prune-isolated: 46005 nodes, 44362 edges
[44b6_12dfb391] after short-track filtering: 44975 nodes, 43564 edges (components_removed = 232)
[44b6_12dfb391] FINAL: 44975 nodes, 43564 edges
[44b6_267148e4] after edge-filter+motion-relink: 22829 nodes, 21464 edges
[44b6_267148e4] after gap-closing (single-frame + gap2): 23063 nodes, 21888 edges
[44b6_267148e4] after safe-division repair: 23063 nodes, 21957 edges (geometric_candidates = 853, deepcenter_rejected = 703, post_veto_candidates = 150, added = 69, cap_skipped = 0, mutual_nn_rejected = 117, divergence_rejected = 405)
[44b6_267148e4] after division-geometry-filter+prune-isolated: 23009 nodes, 21957 edges
[44b6_267148e4] after short-track filtering: 22307 nodes, 21426 edges (components_removed = 171)
[44b6_267148e4] FINAL: 22307 nodes, 21426 edges
[44b6_2a2eff9f] after edge-filter+motion-relink: 40928 nodes, 38430 edges
[44b6_2a2eff9f] after gap-closing (single-frame + gap2): 41457 nodes, 39413 edges
[44b6_2a2eff9f] after safe-division repair: 41457 nodes, 39501 edges (geometric_candidates = 1343, deepcenter_rejected = 1244, post_veto_candidates = 99, added = 88, cap_skipped = 0, mutual_nn_rejected = 74, divergence_rejected = 609)
[44b6_2a2eff9f] after division-geometry-filter+prune-isolated: 41453 nodes, 39501 edges
[44b6_2a2eff9f] after short-track filtering: 40157 nodes, 38497 edges (components_removed = 292)
[44b6_2a2eff9f] FINAL: 40157 nodes, 38497 edges
[44b6_341df25f] after edge-filter+motion-relink: 8523 nodes, 8210 edges
[44b6_341df25f] after gap-closing (single-frame + gap2): 8569 nodes, 8290 edges
[44b6_341df25f] after safe-division repair: 8569 nodes, 8311 edges (geometric_candidates = 134, deepcenter_rejected = 109, post_veto_candidates = 25, added = 21, cap_skipped = 0, mutual_nn_rejected = 3, divergence_rejected = 42)
[44b6_341df25f] after division-geometry-filter+prune-isolated: 8569 nodes, 8311 edges
[44b6_341df25f] after short-track filtering: 8423 nodes, 8197 edges (components_removed = 32)
[44b6_341df25f] FINAL: 8423 nodes, 8197 edges
[6bba_062c8d37] after edge-filter+motion-relink: 5997 nodes, 5648 edges
[6bba_062c8d37] after gap-closing (single-frame + gap2): 6048 nodes, 5743 edges
[6bba_062c8d37] after safe-division repair: 6048 nodes, 5754 edges (geometric_candidates = 57, deepcenter_rejected = 41, post_veto_candidates = 16, added = 11, cap_skipped = 0, mutual_nn_rejected = 3, divergence_rejected = 21)
[6bba_062c8d37] after division-geometry-filter+prune-isolated: 6022 nodes, 5754 edges
[6bba_062c8d37] after short-track filtering: 5857 nodes, 5633 edges (components_removed = 44)
[6bba_062c8d37] FINAL: 5857 nodes, 5633 edges
[6bba_07e24132] after edge-filter+motion-relink: 29751 nodes, 28212 edges
[6bba_07e24132] after gap-closing (single-frame + gap2): 30088 nodes, 28828 edges
[6bba_07e24132] after safe-division repair: 30088 nodes, 28858 edges (geometric_candidates = 791, deepcenter_rejected = 745, post_veto_candidates = 46, added = 30, cap_skipped = 0, mutual_nn_rejected = 68, divergence_rejected = 337)
[6bba_07e24132] after division-geometry-filter+prune-isolated: 30079 nodes, 28858 edges
[6bba_07e24132] after short-track filtering: 29202 nodes, 28183 edges (components_removed = 202)
[6bba_07e24132] FINAL: 29202 nodes, 28183 edges
[6bba_085bf656] after edge-filter+motion-relink: 8417 nodes, 8092 edges
[6bba_085bf656] after gap-closing (single-frame + gap2): 8438 nodes, 8131 edges
[6bba_085bf656] after safe-division repair: 8438 nodes, 8144 edges (geometric_candidates = 100, deepcenter_rejected = 84, post_veto_candidates = 16, added = 13, cap_skipped = 0, mutual_nn_rejected = 4, divergence_rejected = 23)
[6bba_085bf656] after division-geometry-filter+prune-isolated: 8435 nodes, 8144 edges
[6bba_085bf656] after short-track filtering: 8300 nodes, 8039 edges (components_removed = 30)
[6bba_085bf656] FINAL: 8300 nodes, 8039 edges
[6bba_09961292] after edge-filter+motion-relink: 29955 nodes, 28827 edges
[6bba_09961292] after gap-closing (single-frame + gap2): 30167 nodes, 29212 edges
[6bba_09961292] after safe-division repair: 30167 nodes, 29273 edges (geometric_candidates = 795, deepcenter_rejected = 672, post_veto_candidates = 123, added = 61, cap_skipped = 0, mutual_nn_rejected = 66, divergence_rejected = 269)
[6bba_09961292] after division-geometry-filter+prune-isolated: 30163 nodes, 29273 edges
[6bba_09961292] after short-track filtering: 29755 nodes, 28962 edges (components_removed = 97)
[6bba_09961292] FINAL: 29755 nodes, 28962 edges
VALIDATOR candidate: tight55 proxy = 0.938152 adjusted edge = 0.926613
[44b6_12dfb391] after edge-filter+motion-relink: 45351 nodes, 43007 edges
[44b6_12dfb391] after gap-closing (single-frame + gap2): 46032 nodes, 44295 edges
[44b6_12dfb391] after safe-division repair: 46032 nodes, 44373 edges (geometric_candidates = 1165, deepcenter_rejected = 1081, post_veto_candidates = 84, added = 78, cap_skipped = 0, mutual_nn_rejected = 58, divergence_rejected = 545)
[44b6_12dfb391] after division-geometry-filter+prune-isolated: 46030 nodes, 44373 edges
[44b6_12dfb391] after short-track filtering: 44967 nodes, 43550 edges (components_removed = 240)
[44b6_12dfb391] FINAL: 44967 nodes, 43550 edges
[44b6_267148e4] after edge-filter+motion-relink: 22829 nodes, 21382 edges
[44b6_267148e4] after gap-closing (single-frame + gap2): 23093 nodes, 21863 edges
[44b6_267148e4] after safe-division repair: 23093 nodes, 21930 edges (geometric_candidates = 888, deepcenter_rejected = 726, post_veto_candidates = 162, added = 67, cap_skipped = 0, mutual_nn_rejected = 146, divergence_rejected = 414)
[44b6_267148e4] after division-geometry-filter+prune-isolated: 23028 nodes, 21930 edges
[44b6_267148e4] after short-track filtering: 22300 nodes, 21381 edges (components_removed = 179)
[44b6_267148e4] FINAL: 22300 nodes, 21381 edges
[44b6_2a2eff9f] after edge-filter+motion-relink: 40928 nodes, 38395 edges
[44b6_2a2eff9f] after gap-closing (single-frame + gap2): 41470 nodes, 39404 edges
[44b6_2a2eff9f] after safe-division repair: 41470 nodes, 39493 edges (geometric_candidates = 1355, deepcenter_rejected = 1258, post_veto_candidates = 97, added = 89, cap_skipped = 0, mutual_nn_rejected = 72, divergence_rejected = 626)
[44b6_2a2eff9f] after division-geometry-filter+prune-isolated: 41465 nodes, 39493 edges
[44b6_2a2eff9f] after short-track filtering: 40141 nodes, 38468 edges (components_removed = 299)
[44b6_2a2eff9f] FINAL: 40141 nodes, 38468 edges
[44b6_341df25f] after edge-filter+motion-relink: 8523 nodes, 8208 edges
[44b6_341df25f] after gap-closing (single-frame + gap2): 8571 nodes, 8291 edges
[44b6_341df25f] after safe-division repair: 8571 nodes, 8311 edges (geometric_candidates = 135, deepcenter_rejected = 111, post_veto_candidates = 24, added = 20, cap_skipped = 0, mutual_nn_rejected = 3, divergence_rejected = 42)
[44b6_341df25f] after division-geometry-filter+prune-isolated: 8571 nodes, 8311 edges
[44b6_341df25f] after short-track filtering: 8421 nodes, 8194 edges (components_removed = 33)
[44b6_341df25f] FINAL: 8421 nodes, 8194 edges
[6bba_062c8d37] after edge-filter+motion-relink: 5997 nodes, 5618 edges
[6bba_062c8d37] after gap-closing (single-frame + gap2): 6054 nodes, 5723 edges
[6bba_062c8d37] after safe-division repair: 6054 nodes, 5736 edges (geometric_candidates = 59, deepcenter_rejected = 41, post_veto_candidates = 18, added = 13, cap_skipped = 0, mutual_nn_rejected = 3, divergence_rejected = 22)
[6bba_062c8d37] after division-geometry-filter+prune-isolated: 6029 nodes, 5736 edges
[6bba_062c8d37] after short-track filtering: 5833 nodes, 5594 edges (components_removed = 54)
[6bba_062c8d37] FINAL: 5833 nodes, 5594 edges
[6bba_07e24132] after edge-filter+motion-relink: 29751 nodes, 28153 edges
[6bba_07e24132] after gap-closing (single-frame + gap2): 30103 nodes, 28799 edges
[6bba_07e24132] after safe-division repair: 30103 nodes, 28830 edges (geometric_candidates = 803, deepcenter_rejected = 742, post_veto_candidates = 61, added = 31, cap_skipped = 0, mutual_nn_rejected = 82, divergence_rejected = 341)
[6bba_07e24132] after division-geometry-filter+prune-isolated: 30091 nodes, 28830 edges
[6bba_07e24132] after short-track filtering: 29216 nodes, 28158 edges (components_removed = 203)
[6bba_07e24132] FINAL: 29216 nodes, 28158 edges
[6bba_085bf656] after edge-filter+motion-relink: 8417 nodes, 8085 edges
[6bba_085bf656] after gap-closing (single-frame + gap2): 8442 nodes, 8130 edges
[6bba_085bf656] after safe-division repair: 8442 nodes, 8142 edges (geometric_candidates = 99, deepcenter_rejected = 84, post_veto_candidates = 15, added = 12, cap_skipped = 0, mutual_nn_rejected = 4, divergence_rejected = 23)
[6bba_085bf656] after division-geometry-filter+prune-isolated: 8438 nodes, 8142 edges
[6bba_085bf656] after short-track filtering: 8290 nodes, 8029 edges (components_removed = 35)
[6bba_085bf656] FINAL: 8290 nodes, 8029 edges
[6bba_09961292] after edge-filter+motion-relink: 29955 nodes, 28780 edges
[6bba_09961292] after gap-closing (single-frame + gap2): 30186 nodes, 29202 edges
[6bba_09961292] after safe-division repair: 30186 nodes, 29264 edges (geometric_candidates = 829, deepcenter_rejected = 681, post_veto_candidates = 148, added = 62, cap_skipped = 0, mutual_nn_rejected = 80, divergence_rejected = 289)
[6bba_09961292] after division-geometry-filter+prune-isolated: 30178 nodes, 29264 edges
[6bba_09961292] after short-track filtering: 29762 nodes, 28946 edges (components_removed = 98)
[6bba_09961292] FINAL: 29762 nodes, 28946 edges
VALIDATOR candidate: relaxed9 proxy = 0.936332 adjusted edge = 0.92522
[44b6_12dfb391] after edge-filter+motion-relink: 45351 nodes, 43045 edges
[44b6_12dfb391] after gap-closing (single-frame + gap2): 46006 nodes, 44284 edges
[44b6_12dfb391] after safe-division repair: 46006 nodes, 44361 edges (geometric_candidates = 1166, deepcenter_rejected = 1083, post_veto_candidates = 83, added = 77, cap_skipped = 0, mutual_nn_rejected = 58, divergence_rejected = 541)
[44b6_12dfb391] after division-geometry-filter+prune-isolated: 46004 nodes, 44361 edges
[44b6_12dfb391] after short-track filtering: 44964 nodes, 43555 edges (components_removed = 234)
[44b6_12dfb391] FINAL: 44964 nodes, 43555 edges
[44b6_267148e4] after edge-filter+motion-relink: 22829 nodes, 21452 edges
[44b6_267148e4] after gap-closing (single-frame + gap2): 23071 nodes, 21889 edges
[44b6_267148e4] after safe-division repair: 23071 nodes, 21953 edges (geometric_candidates = 856, deepcenter_rejected = 704, post_veto_candidates = 152, added = 64, cap_skipped = 0, mutual_nn_rejected = 132, divergence_rejected = 402)
[44b6_267148e4] after division-geometry-filter+prune-isolated: 23011 nodes, 21953 edges
[44b6_267148e4] after short-track filtering: 22282 nodes, 21400 edges (components_removed = 176)
[44b6_267148e4] FINAL: 22282 nodes, 21400 edges
[44b6_2a2eff9f] after edge-filter+motion-relink: 40928 nodes, 38433 edges
[44b6_2a2eff9f] after gap-closing (single-frame + gap2): 41459 nodes, 39419 edges
[44b6_2a2eff9f] after safe-division repair: 41459 nodes, 39506 edges (geometric_candidates = 1333, deepcenter_rejected = 1238, post_veto_candidates = 95, added = 87, cap_skipped = 0, mutual_nn_rejected = 74, divergence_rejected = 608)
[44b6_2a2eff9f] after division-geometry-filter+prune-isolated: 41455 nodes, 39506 edges
[44b6_2a2eff9f] after short-track filtering: 40176 nodes, 38515 edges (components_removed = 288)
[44b6_2a2eff9f] FINAL: 40176 nodes, 38515 edges
[44b6_341df25f] after edge-filter+motion-relink: 8523 nodes, 8210 edges
[44b6_341df25f] after gap-closing (single-frame + gap2): 8569 nodes, 8290 edges
[44b6_341df25f] after safe-division repair: 8569 nodes, 8311 edges (geometric_candidates = 134, deepcenter_rejected = 109, post_veto_candidates = 25, added = 21, cap_skipped = 0, mutual_nn_rejected = 3, divergence_rejected = 42)
[44b6_341df25f] after division-geometry-filter+prune-isolated: 8569 nodes, 8311 edges
[44b6_341df25f] after short-track filtering: 8423 nodes, 8197 edges (components_removed = 32)
[44b6_341df25f] FINAL: 8423 nodes, 8197 edges
[6bba_062c8d37] after edge-filter+motion-relink: 5997 nodes, 5645 edges
[6bba_062c8d37] after gap-closing (single-frame + gap2): 6048 nodes, 5740 edges
[6bba_062c8d37] after safe-division repair: 6048 nodes, 5753 edges (geometric_candidates = 59, deepcenter_rejected = 41, post_veto_candidates = 18, added = 13, cap_skipped = 0, mutual_nn_rejected = 3, divergence_rejected = 22)
[6bba_062c8d37] after division-geometry-filter+prune-isolated: 6022 nodes, 5753 edges
[6bba_062c8d37] after short-track filtering: 5857 nodes, 5632 edges (components_removed = 44)
[6bba_062c8d37] FINAL: 5857 nodes, 5632 edges
[6bba_07e24132] after edge-filter+motion-relink: 29751 nodes, 28214 edges
[6bba_07e24132] after gap-closing (single-frame + gap2): 30086 nodes, 28826 edges
[6bba_07e24132] after safe-division repair: 30086 nodes, 28856 edges (geometric_candidates = 793, deepcenter_rejected = 743, post_veto_candidates = 50, added = 30, cap_skipped = 0, mutual_nn_rejected = 73, divergence_rejected = 331)
[6bba_07e24132] after division-geometry-filter+prune-isolated: 30080 nodes, 28856 edges
[6bba_07e24132] after short-track filtering: 29214 nodes, 28190 edges (components_removed = 200)
[6bba_07e24132] FINAL: 29214 nodes, 28190 edges
[6bba_085bf656] after edge-filter+motion-relink: 8417 nodes, 8092 edges
[6bba_085bf656] after gap-closing (single-frame + gap2): 8438 nodes, 8131 edges
[6bba_085bf656] after safe-division repair: 8438 nodes, 8144 edges (geometric_candidates = 100, deepcenter_rejected = 84, post_veto_candidates = 16, added = 13, cap_skipped = 0, mutual_nn_rejected = 4, divergence_rejected = 23)
[6bba_085bf656] after division-geometry-filter+prune-isolated: 8435 nodes, 8144 edges
[6bba_085bf656] after short-track filtering: 8300 nodes, 8039 edges (components_removed = 30)
[6bba_085bf656] FINAL: 8300 nodes, 8039 edges
[6bba_09961292] after edge-filter+motion-relink: 29955 nodes, 28814 edges
[6bba_09961292] after gap-closing (single-frame + gap2): 30171 nodes, 29207 edges
[6bba_09961292] after safe-division repair: 30171 nodes, 29269 edges (geometric_candidates = 811, deepcenter_rejected = 669, post_veto_candidates = 142, added = 62, cap_skipped = 0, mutual_nn_rejected = 72, divergence_rejected = 275)
[6bba_09961292] after division-geometry-filter+prune-isolated: 30165 nodes, 29269 edges
[6bba_09961292] after short-track filtering: 29758 nodes, 28959 edges (components_removed = 97)
[6bba_09961292] FINAL: 29758 nodes, 28959 edges
VALIDATOR candidate: bonus125 proxy = 0.936106 adjusted edge = 0.924567
[44b6_12dfb391] after edge-filter+motion-relink: 45351 nodes, 43045 edges
[44b6_12dfb391] after gap-closing (single-frame + gap2): 46006 nodes, 44284 edges
[44b6_12dfb391] after safe-division repair: 46006 nodes, 44361 edges (geometric_candidates = 1166, deepcenter_rejected = 1083, post_veto_candidates = 83, added = 77, cap_skipped = 0, mutual_nn_rejected = 59, divergence_rejected = 541)
[44b6_12dfb391] after division-geometry-filter+prune-isolated: 46004 nodes, 44361 edges
[44b6_12dfb391] after short-track filtering: 44969 nodes, 43559 edges (components_removed = 233)
[44b6_12dfb391] FINAL: 44969 nodes, 43559 edges
[44b6_267148e4] after edge-filter+motion-relink: 22829 nodes, 21448 edges
[44b6_267148e4] after gap-closing (single-frame + gap2): 23070 nodes, 21883 edges
[44b6_267148e4] after safe-division repair: 23070 nodes, 21947 edges (geometric_candidates = 856, deepcenter_rejected = 706, post_veto_candidates = 150, added = 64, cap_skipped = 0, mutual_nn_rejected = 133, divergence_rejected = 408)
[44b6_267148e4] after division-geometry-filter+prune-isolated: 23010 nodes, 21947 edges
[44b6_267148e4] after short-track filtering: 22300 nodes, 21409 edges (components_removed = 172)
[44b6_267148e4] FINAL: 22300 nodes, 21409 edges
[44b6_2a2eff9f] after edge-filter+motion-relink: 40928 nodes, 38433 edges
[44b6_2a2eff9f] after gap-closing (single-frame + gap2): 41455 nodes, 39412 edges
[44b6_2a2eff9f] after safe-division repair: 41455 nodes, 39500 edges (geometric_candidates = 1337, deepcenter_rejected = 1241, post_veto_candidates = 96, added = 88, cap_skipped = 0, mutual_nn_rejected = 74, divergence_rejected = 609)
[44b6_2a2eff9f] after division-geometry-filter+prune-isolated: 41451 nodes, 39500 edges
[44b6_2a2eff9f] after short-track filtering: 40164 nodes, 38503 edges (components_removed = 290)
[44b6_2a2eff9f] FINAL: 40164 nodes, 38503 edges
[44b6_341df25f] after edge-filter+motion-relink: 8523 nodes, 8210 edges
[44b6_341df25f] after gap-closing (single-frame + gap2): 8569 nodes, 8290 edges
[44b6_341df25f] after safe-division repair: 8569 nodes, 8311 edges (geometric_candidates = 134, deepcenter_rejected = 109, post_veto_candidates = 25, added = 21, cap_skipped = 0, mutual_nn_rejected = 3, divergence_rejected = 42)
[44b6_341df25f] after division-geometry-filter+prune-isolated: 8569 nodes, 8311 edges
[44b6_341df25f] after short-track filtering: 8423 nodes, 8197 edges (components_removed = 32)
[44b6_341df25f] FINAL: 8423 nodes, 8197 edges
[6bba_062c8d37] after edge-filter+motion-relink: 5997 nodes, 5645 edges
[6bba_062c8d37] after gap-closing (single-frame + gap2): 6048 nodes, 5740 edges
[6bba_062c8d37] after safe-division repair: 6048 nodes, 5753 edges (geometric_candidates = 59, deepcenter_rejected = 41, post_veto_candidates = 18, added = 13, cap_skipped = 0, mutual_nn_rejected = 3, divergence_rejected = 22)
[6bba_062c8d37] after division-geometry-filter+prune-isolated: 6022 nodes, 5753 edges
[6bba_062c8d37] after short-track filtering: 5857 nodes, 5632 edges (components_removed = 44)
[6bba_062c8d37] FINAL: 5857 nodes, 5632 edges
[6bba_07e24132] after edge-filter+motion-relink: 29751 nodes, 28214 edges
[6bba_07e24132] after gap-closing (single-frame + gap2): 30087 nodes, 28828 edges
[6bba_07e24132] after safe-division repair: 30087 nodes, 28858 edges (geometric_candidates = 793, deepcenter_rejected = 744, post_veto_candidates = 49, added = 30, cap_skipped = 0, mutual_nn_rejected = 69, divergence_rejected = 331)
[6bba_07e24132] after division-geometry-filter+prune-isolated: 30080 nodes, 28858 edges
[6bba_07e24132] after short-track filtering: 29204 nodes, 28184 edges (components_removed = 202)
[6bba_07e24132] FINAL: 29204 nodes, 28184 edges
[6bba_085bf656] after edge-filter+motion-relink: 8417 nodes, 8092 edges
[6bba_085bf656] after gap-closing (single-frame + gap2): 8438 nodes, 8131 edges
[6bba_085bf656] after safe-division repair: 8438 nodes, 8144 edges (geometric_candidates = 100, deepcenter_rejected = 84, post_veto_candidates = 16, added = 13, cap_skipped = 0, mutual_nn_rejected = 4, divergence_rejected = 23)
[6bba_085bf656] after division-geometry-filter+prune-isolated: 8435 nodes, 8144 edges
[6bba_085bf656] after short-track filtering: 8300 nodes, 8039 edges (components_removed = 30)
[6bba_085bf656] FINAL: 8300 nodes, 8039 edges
[6bba_09961292] after edge-filter+motion-relink: 29955 nodes, 28814 edges
[6bba_09961292] after gap-closing (single-frame + gap2): 30171 nodes, 29207 edges
[6bba_09961292] after safe-division repair: 30171 nodes, 29269 edges (geometric_candidates = 807, deepcenter_rejected = 669, post_veto_candidates = 138, added = 62, cap_skipped = 0, mutual_nn_rejected = 73, divergence_rejected = 279)
[6bba_09961292] after division-geometry-filter+prune-isolated: 30165 nodes, 29269 edges
[6bba_09961292] after short-track filtering: 29766 nodes, 28965 edges (components_removed = 95)
[6bba_09961292] FINAL: 29766 nodes, 28965 edges
VALIDATOR candidate: gap2step40 proxy = 0.936941 adjusted edge = 0.92583
[44b6_12dfb391] after edge-filter+motion-relink: 45351 nodes, 43045 edges
[44b6_12dfb391] after gap-closing (single-frame + gap2): 46006 nodes, 44284 edges
[44b6_12dfb391] after safe-division repair: 46006 nodes, 44361 edges (geometric_candidates = 1166, deepcenter_rejected = 1083, post_veto_candidates = 83, added = 77, cap_skipped = 0, mutual_nn_rejected = 59, divergence_rejected = 541)
[44b6_12dfb391] after division-geometry-filter+prune-isolated: 46004 nodes, 44361 edges
[44b6_12dfb391] after short-track filtering: 44969 nodes, 43559 edges (components_removed = 233)
[44b6_12dfb391] FINAL: 44969 nodes, 43559 edges
[44b6_267148e4] after edge-filter+motion-relink: 22829 nodes, 21448 edges
[44b6_267148e4] after gap-closing (single-frame + gap2): 23070 nodes, 21883 edges
[44b6_267148e4] after safe-division repair: 23070 nodes, 21947 edges (geometric_candidates = 856, deepcenter_rejected = 706, post_veto_candidates = 150, added = 64, cap_skipped = 0, mutual_nn_rejected = 133, divergence_rejected = 408)
[44b6_267148e4] after division-geometry-filter+prune-isolated: 23010 nodes, 21947 edges
[44b6_267148e4] after short-track filtering: 22300 nodes, 21409 edges (components_removed = 172)
[44b6_267148e4] FINAL: 22300 nodes, 21409 edges
[44b6_2a2eff9f] after edge-filter+motion-relink: 40928 nodes, 38433 edges
[44b6_2a2eff9f] after gap-closing (single-frame + gap2): 41455 nodes, 39412 edges
[44b6_2a2eff9f] after safe-division repair: 41455 nodes, 39500 edges (geometric_candidates = 1337, deepcenter_rejected = 1241, post_veto_candidates = 96, added = 88, cap_skipped = 0, mutual_nn_rejected = 74, divergence_rejected = 609)
[44b6_2a2eff9f] after division-geometry-filter+prune-isolated: 41451 nodes, 39500 edges
[44b6_2a2eff9f] after short-track filtering: 40164 nodes, 38503 edges (components_removed = 290)
[44b6_2a2eff9f] FINAL: 40164 nodes, 38503 edges
[44b6_341df25f] after edge-filter+motion-relink: 8523 nodes, 8210 edges
[44b6_341df25f] after gap-closing (single-frame + gap2): 8569 nodes, 8290 edges
[44b6_341df25f] after safe-division repair: 8569 nodes, 8311 edges (geometric_candidates = 134, deepcenter_rejected = 109, post_veto_candidates = 25, added = 21, cap_skipped = 0, mutual_nn_rejected = 3, divergence_rejected = 42)
[44b6_341df25f] after division-geometry-filter+prune-isolated: 8569 nodes, 8311 edges
[44b6_341df25f] after short-track filtering: 8423 nodes, 8197 edges (components_removed = 32)
[44b6_341df25f] FINAL: 8423 nodes, 8197 edges
[6bba_062c8d37] after edge-filter+motion-relink: 5997 nodes, 5645 edges
[6bba_062c8d37] after gap-closing (single-frame + gap2): 6048 nodes, 5740 edges
[6bba_062c8d37] after safe-division repair: 6048 nodes, 5753 edges (geometric_candidates = 59, deepcenter_rejected = 41, post_veto_candidates = 18, added = 13, cap_skipped = 0, mutual_nn_rejected = 3, divergence_rejected = 22)
[6bba_062c8d37] after division-geometry-filter+prune-isolated: 6022 nodes, 5753 edges
[6bba_062c8d37] after short-track filtering: 5857 nodes, 5632 edges (components_removed = 44)
[6bba_062c8d37] FINAL: 5857 nodes, 5632 edges
[6bba_07e24132] after edge-filter+motion-relink: 29751 nodes, 28214 edges
[6bba_07e24132] after gap-closing (single-frame + gap2): 30087 nodes, 28828 edges
[6bba_07e24132] after safe-division repair: 30087 nodes, 28858 edges (geometric_candidates = 793, deepcenter_rejected = 744, post_veto_candidates = 49, added = 30, cap_skipped = 0, mutual_nn_rejected = 69, divergence_rejected = 331)
[6bba_07e24132] after division-geometry-filter+prune-isolated: 30080 nodes, 28858 edges
[6bba_07e24132] after short-track filtering: 29204 nodes, 28184 edges (components_removed = 202)
[6bba_07e24132] FINAL: 29204 nodes, 28184 edges
[6bba_085bf656] after edge-filter+motion-relink: 8417 nodes, 8092 edges
[6bba_085bf656] after gap-closing (single-frame + gap2): 8438 nodes, 8131 edges
[6bba_085bf656] after safe-division repair: 8438 nodes, 8144 edges (geometric_candidates = 100, deepcenter_rejected = 84, post_veto_candidates = 16, added = 13, cap_skipped = 0, mutual_nn_rejected = 4, divergence_rejected = 23)
[6bba_085bf656] after division-geometry-filter+prune-isolated: 8435 nodes, 8144 edges
[6bba_085bf656] after short-track filtering: 8300 nodes, 8039 edges (components_removed = 30)
[6bba_085bf656] FINAL: 8300 nodes, 8039 edges
[6bba_09961292] after edge-filter+motion-relink: 29955 nodes, 28814 edges
[6bba_09961292] after gap-closing (single-frame + gap2): 30171 nodes, 29207 edges
[6bba_09961292] after safe-division repair: 30171 nodes, 29269 edges (geometric_candidates = 807, deepcenter_rejected = 669, post_veto_candidates = 138, added = 62, cap_skipped = 0, mutual_nn_rejected = 73, divergence_rejected = 279)
[6bba_09961292] after division-geometry-filter+prune-isolated: 30165 nodes, 29269 edges
[6bba_09961292] after short-track filtering: 29766 nodes, 28965 edges (components_removed = 95)
[6bba_09961292] FINAL: 29766 nodes, 28965 edges
VALIDATOR candidate: reuse28 proxy = 0.936941 adjusted edge = 0.92583
[44b6_12dfb391] after edge-filter+motion-relink: 45351 nodes, 43045 edges
[44b6_12dfb391] after gap-closing (single-frame + gap2): 45994 nodes, 44259 edges
[44b6_12dfb391] after safe-division repair: 45994 nodes, 44340 edges (geometric_candidates = 1174, deepcenter_rejected = 1087, post_veto_candidates = 87, added = 81, cap_skipped = 0, mutual_nn_rejected = 60, divergence_rejected = 548)
[44b6_12dfb391] after division-geometry-filter+prune-isolated: 45992 nodes, 44340 edges
[44b6_12dfb391] after short-track filtering: 44944 nodes, 43528 edges (components_removed = 236)
[44b6_12dfb391] FINAL: 44944 nodes, 43528 edges
[44b6_267148e4] after edge-filter+motion-relink: 22829 nodes, 21448 edges
[44b6_267148e4] after gap-closing (single-frame + gap2): 23063 nodes, 21869 edges
[44b6_267148e4] after safe-division repair: 23063 nodes, 21935 edges (geometric_candidates = 861, deepcenter_rejected = 709, post_veto_candidates = 152, added = 66, cap_skipped = 0, mutual_nn_rejected = 133, divergence_rejected = 414)
[44b6_267148e4] after division-geometry-filter+prune-isolated: 23002 nodes, 21935 edges
[44b6_267148e4] after short-track filtering: 22284 nodes, 21391 edges (components_removed = 174)
[44b6_267148e4] FINAL: 22284 nodes, 21391 edges
[44b6_2a2eff9f] after edge-filter+motion-relink: 40928 nodes, 38433 edges
[44b6_2a2eff9f] after gap-closing (single-frame + gap2): 41440 nodes, 39382 edges
[44b6_2a2eff9f] after safe-division repair: 41440 nodes, 39473 edges (geometric_candidates = 1352, deepcenter_rejected = 1253, post_veto_candidates = 99, added = 91, cap_skipped = 0, mutual_nn_rejected = 75, divergence_rejected = 618)
[44b6_2a2eff9f] after division-geometry-filter+prune-isolated: 41436 nodes, 39473 edges
[44b6_2a2eff9f] after short-track filtering: 40131 nodes, 38462 edges (components_removed = 294)
[44b6_2a2eff9f] FINAL: 40131 nodes, 38462 edges
[44b6_341df25f] after edge-filter+motion-relink: 8523 nodes, 8210 edges
[44b6_341df25f] after gap-closing (single-frame + gap2): 8569 nodes, 8290 edges
[44b6_341df25f] after safe-division repair: 8569 nodes, 8311 edges (geometric_candidates = 134, deepcenter_rejected = 109, post_veto_candidates = 25, added = 21, cap_skipped = 0, mutual_nn_rejected = 3, divergence_rejected = 42)
[44b6_341df25f] after division-geometry-filter+prune-isolated: 8569 nodes, 8311 edges
[44b6_341df25f] after short-track filtering: 8423 nodes, 8197 edges (components_removed = 32)
[44b6_341df25f] FINAL: 8423 nodes, 8197 edges
[6bba_062c8d37] after edge-filter+motion-relink: 5997 nodes, 5645 edges
[6bba_062c8d37] after gap-closing (single-frame + gap2): 6048 nodes, 5740 edges
[6bba_062c8d37] after safe-division repair: 6048 nodes, 5753 edges (geometric_candidates = 59, deepcenter_rejected = 41, post_veto_candidates = 18, added = 13, cap_skipped = 0, mutual_nn_rejected = 3, divergence_rejected = 22)
[6bba_062c8d37] after division-geometry-filter+prune-isolated: 6022 nodes, 5753 edges
[6bba_062c8d37] after short-track filtering: 5857 nodes, 5632 edges (components_removed = 44)
[6bba_062c8d37] FINAL: 5857 nodes, 5632 edges
[6bba_07e24132] after edge-filter+motion-relink: 29751 nodes, 28214 edges
[6bba_07e24132] after gap-closing (single-frame + gap2): 30085 nodes, 28824 edges
[6bba_07e24132] after safe-division repair: 30085 nodes, 28855 edges (geometric_candidates = 794, deepcenter_rejected = 744, post_veto_candidates = 50, added = 31, cap_skipped = 0, mutual_nn_rejected = 69, divergence_rejected = 332)
[6bba_07e24132] after division-geometry-filter+prune-isolated: 30078 nodes, 28855 edges
[6bba_07e24132] after short-track filtering: 29202 nodes, 28181 edges (components_removed = 202)
[6bba_07e24132] FINAL: 29202 nodes, 28181 edges
[6bba_085bf656] after edge-filter+motion-relink: 8417 nodes, 8092 edges
[6bba_085bf656] after gap-closing (single-frame + gap2): 8438 nodes, 8131 edges
[6bba_085bf656] after safe-division repair: 8438 nodes, 8144 edges (geometric_candidates = 100, deepcenter_rejected = 84, post_veto_candidates = 16, added = 13, cap_skipped = 0, mutual_nn_rejected = 4, divergence_rejected = 23)
[6bba_085bf656] after division-geometry-filter+prune-isolated: 8435 nodes, 8144 edges
[6bba_085bf656] after short-track filtering: 8300 nodes, 8039 edges (components_removed = 30)
[6bba_085bf656] FINAL: 8300 nodes, 8039 edges
[6bba_09961292] after edge-filter+motion-relink: 29955 nodes, 28814 edges
[6bba_09961292] after gap-closing (single-frame + gap2): 30167 nodes, 29199 edges
[6bba_09961292] after safe-division repair: 30167 nodes, 29262 edges (geometric_candidates = 815, deepcenter_rejected = 676, post_veto_candidates = 139, added = 63, cap_skipped = 0, mutual_nn_rejected = 73, divergence_rejected = 281)
[6bba_09961292] after division-geometry-filter+prune-isolated: 30161 nodes, 29262 edges
[6bba_09961292] after short-track filtering: 29760 nodes, 28957 edges (components_removed = 96)
[6bba_09961292] FINAL: 29760 nodes, 28957 edges
VALIDATOR candidate: dcgap035 proxy = 0.936958 adjusted edge = 0.925847
VALIDATOR selected config: tight55 {'MOTION_RELINK_TIGHT_UM': 5.5}
