Found 4 prediction graphs
[44b6_0113de3b] after edge-filter+motion-relink: 25822 nodes, 24996 edges
DEEPCENTER_TTA_ACTIVE views = 8 mean_abs_logit_delta = 0.128065
[44b6_0113de3b] after gap-closing (single-frame + gap2): 25885 nodes, 25113 edges
[44b6_0113de3b] after safe-division repair: 25885 nodes, 25162 edges (geometric_candidates = 171, deepcenter_rejected = 117, post_veto_candidates = 54, added = 49, cap_skipped = 0, mutual_nn_rejected = 63, divergence_rejected = 476)
[44b6_0113de3b] after division-geometry-filter+prune-isolated: 25883 nodes, 25162 edges
[44b6_0113de3b] after short-track filtering: 25648 nodes, 24979 edges (components_removed = 52)
[44b6_0113de3b] FINAL: 25648 nodes, 24979 edges
[44b6_0b24845f] after edge-filter+motion-relink: 22491 nodes, 20143 edges
[44b6_0b24845f] after gap-closing (single-frame + gap2): 22922 nodes, 20929 edges
[44b6_0b24845f] after safe-division repair: 22922 nodes, 20958 edges (geometric_candidates = 260, deepcenter_rejected = 227, post_veto_candidates = 33, added = 29, cap_skipped = 0, mutual_nn_rejected = 68, divergence_rejected = 1037)
[44b6_0b24845f] after division-geometry-filter+prune-isolated: 22922 nodes, 20958 edges
[44b6_0b24845f] after short-track filtering: 20501 nodes, 19080 edges (components_removed = 543)
[44b6_0b24845f] FINAL: 20501 nodes, 19080 edges
[6bba_05b6850b] after edge-filter+motion-relink: 6305 nodes, 6012 edges
[6bba_05b6850b] after gap-closing (single-frame + gap2): 6338 nodes, 6072 edges
[6bba_05b6850b] after safe-division repair: 6338 nodes, 6082 edges (geometric_candidates = 22, deepcenter_rejected = 12, post_veto_candidates = 10, added = 10, cap_skipped = 0, mutual_nn_rejected = 5, divergence_rejected = 91)
[6bba_05b6850b] after division-geometry-filter+prune-isolated: 6337 nodes, 6082 edges
[6bba_05b6850b] after short-track filtering: 6106 nodes, 5902 edges (components_removed = 51)
[6bba_05b6850b] FINAL: 6106 nodes, 5902 edges
[6bba_05db0fb1] after edge-filter+motion-relink: 70687 nodes, 67238 edges
[6bba_05db0fb1] after gap-closing (single-frame + gap2): 71224 nodes, 68252 edges
[6bba_05db0fb1] after safe-division repair: 71224 nodes, 68298 edges (geometric_candidates = 401, deepcenter_rejected = 354, post_veto_candidates = 47, added = 46, cap_skipped = 0, mutual_nn_rejected = 628, divergence_rejected = 3152)
[6bba_05db0fb1] after division-geometry-filter+prune-isolated: 71223 nodes, 68298 edges
[6bba_05db0fb1] after short-track filtering: 69753 nodes, 67147 edges (components_removed = 319)
[6bba_05db0fb1] FINAL: 69753 nodes, 67147 edges
Wrote /kaggle/working/submission.csv with 239,116 rows
Node rows: 122,008 | edge rows: 117,108
Wrote /kaggle/working/run_stats.csv
