Found 4 prediction graphs
[44b6_0113de3b] after edge-filter+motion-relink: 25822 nodes, 24937 edges
DEEPCENTER_TTA_ACTIVE views = 8 mean_abs_logit_delta = 0.133289
[44b6_0113de3b] after gap-closing (single-frame + gap2): 25884 nodes, 25052 edges
[44b6_0113de3b] after safe-division repair: 25884 nodes, 25105 edges (geometric_candidates = 171, deepcenter_rejected = 105, post_veto_candidates = 66, added = 53, cap_skipped = 0, mutual_nn_rejected = 62, divergence_rejected = 545)
[44b6_0113de3b] after division-geometry-filter+prune-isolated: 25878 nodes, 25105 edges
[44b6_0113de3b] after short-track filtering: 25622 nodes, 24907 edges (components_removed = 58)
[44b6_0113de3b] FINAL: 25622 nodes, 24907 edges
[44b6_0b24845f] after edge-filter+motion-relink: 22491 nodes, 20373 edges
[44b6_0b24845f] after gap-closing (single-frame + gap2): 22877 nodes, 21073 edges
[44b6_0b24845f] after safe-division repair: 22877 nodes, 21099 edges (geometric_candidates = 234, deepcenter_rejected = 201, post_veto_candidates = 33, added = 26, cap_skipped = 0, mutual_nn_rejected = 58, divergence_rejected = 903)
[44b6_0b24845f] after division-geometry-filter+prune-isolated: 22864 nodes, 21099 edges
[44b6_0b24845f] after short-track filtering: 20717 nodes, 19441 edges (components_removed = 489)
[44b6_0b24845f] FINAL: 20717 nodes, 19441 edges
[6bba_05b6850b] after edge-filter+motion-relink: 6305 nodes, 6031 edges
[6bba_05b6850b] after gap-closing (single-frame + gap2): 6336 nodes, 6087 edges
[6bba_05b6850b] after safe-division repair: 6336 nodes, 6097 edges (geometric_candidates = 22, deepcenter_rejected = 12, post_veto_candidates = 10, added = 10, cap_skipped = 0, mutual_nn_rejected = 5, divergence_rejected = 83)
[6bba_05b6850b] after division-geometry-filter+prune-isolated: 6335 nodes, 6097 edges
[6bba_05b6850b] after short-track filtering: 6152 nodes, 5957 edges (components_removed = 43)
[6bba_05b6850b] FINAL: 6152 nodes, 5957 edges
[6bba_05db0fb1] after edge-filter+motion-relink: 70687 nodes, 67974 edges
[6bba_05db0fb1] after gap-closing (single-frame + gap2): 71114 nodes, 68772 edges
[6bba_05db0fb1] after safe-division repair: 71114 nodes, 68807 edges (geometric_candidates = 305, deepcenter_rejected = 259, post_veto_candidates = 46, added = 35, cap_skipped = 0, mutual_nn_rejected = 272, divergence_rejected = 2649)
[6bba_05db0fb1] after division-geometry-filter+prune-isolated: 71091 nodes, 68807 edges
[6bba_05db0fb1] after short-track filtering: 70268 nodes, 68176 edges (components_removed = 192)
[6bba_05db0fb1] FINAL: 70268 nodes, 68176 edges
Wrote /kaggle/working/submission.csv with 241,240 rows
Node rows: 122,759 | edge rows: 118,481
Wrote /kaggle/working/run_stats.csv
