  44b6_12dfb391: CONTENDED 1
  44b6_267148e4: PRESENT 1
  44b6_2a2eff9f: CONTENDED 1
  44b6_341df25f: PRESENT 1
  44b6_587a1e22: CONTENDED 1
  44b6_5f15d135: CONTENDED 1
  44b6_706092f0: CONTENDED 1
  44b6_74d0c52e: CONTENDED 1
  44b6_7a302da0: CONTENDED 1
  44b6_996155de: PRESENT 1
  44b6_9be80b04: CONTENDED 1
  44b6_a21120c2: PRESENT 2
  44b6_aaf8b0ea: CONTENDED 1
  44b6_c50204e0: CONTENDED 2
  44b6_c8e2a523: CONTENDED 1
  44b6_d2f34f90: PRESENT 2
  44b6_d5e7d891: FREE 1  CONTENDED 1
  44b6_d754aa59: PRESENT 1
  44b6_deabac95: CONTENDED 1
  44b6_e28840c6: PRESENT 1  CONTENDED 1
  44b6_eb2880fc: CONTENDED 1
  6bba_05db0fb1: CONTENDED 2  NO_DAUGHTER 1
  6bba_062c8d37: PRESENT 1
  6bba_07e24132: PRESENT 1  CONTENDED 1
  6bba_085bf656: CONTENDED 1
  6bba_09961292: PRESENT 2  CONTENDED 2
  6bba_0e7c0d07: CONTENDED 1
  6bba_12665c0e: PRESENT 1  CONTENDED 2
  6bba_1d0d8384: CONTENDED 1
  6bba_207c6aaf: CONTENDED 1
  6bba_20852818: PRESENT 1  CONTENDED 2
  6bba_2312ac41: PRESENT 1  CONTENDED 1
  6bba_268e1230: PRESENT 1
  6bba_2819ca14: PRESENT 1
  6bba_32db13fc: CONTENDED 1
  6bba_337b1b3a: PRESENT 1  FREE 1
  6bba_3abfe10a: CONTENDED 1
  6bba_3c5691b6: PRESENT 1  CONTENDED 1
  6bba_3db54e20: PRESENT 1
  6bba_3fda6b25: PRESENT 1
  6bba_474be664: FREE 1
  6bba_48816121: PRESENT 1  FREE 1  CONTENDED 3
  6bba_4f99ce20: PRESENT 2
  6bba_4ffd3da3: CONTENDED 3
  6bba_55b7eebe: PRESENT 1
  6bba_57b7cc1e: CONTENDED 3
  6bba_5c039895: PRESENT 3
  6bba_5c824876: PRESENT 1
  6bba_61ecbe65: NO_DAUGHTER 1
  6bba_6321a359: CONTENDED 1
  6bba_67ebd073: CONTENDED 1
  6bba_6ca87370: PRESENT 1
  6bba_705ec2c9: CONTENDED 1
  6bba_74686d6a: CONTENDED 2
  6bba_784a78c9: CONTENDED 1
  6bba_786893ac: PRESENT 1  CONTENDED 2
  6bba_78a7bd97: PRESENT 1  CONTENDED 1
  6bba_7af54fde: CONTENDED 2
  6bba_7d3058ae: CONTENDED 2
  6bba_7f87b3d8: PRESENT 1  CONTENDED 2
  6bba_80d12824: CONTENDED 1
  6bba_87289e13: PRESENT 1
  6bba_8b7818bf: PRESENT 2
  6bba_907271db: PRESENT 1
  6bba_969618f6: PRESENT 1  FREE 1  CONTENDED 1
  6bba_9a41d029: FREE 1  CONTENDED 1
  6bba_9e23430b: PRESENT 1
  6bba_ab78413d: PRESENT 1  FREE 1
  6bba_aeee7805: PRESENT 1
  6bba_afb141ff: PRESENT 1  FREE 1  CONTENDED 2
  6bba_b204cac7: PRESENT 1  CONTENDED 1
  6bba_b329af44: CONTENDED 1
  6bba_bb9f20c3: CONTENDED 3
  6bba_c328f2fd: CONTENDED 2
  6bba_cdcfe533: PRESENT 1  CONTENDED 3
  6bba_d1acb6ff: PRESENT 1
  6bba_d2b9fc0c: FREE 1  CONTENDED 1
  6bba_d3da753b: PRESENT 1
  6bba_debd7bfa: PRESENT 3  CONTENDED 1
  6bba_df673a83: PRESENT 2  CONTENDED 2
  6bba_e16ffc58: PRESENT 1
  6bba_ebdf3b34: PRESENT 1  CONTENDED 1
  6bba_ef7b4f7e: PRESENT 1  CONTENDED 1
  6bba_f20478e9: PRESENT 1
  6bba_f8ffd5e7: PRESENT 2
  6bba_fc5f39dc: PRESENT 1  NO_DAUGHTER 1
  6bba_fe670320: PRESENT 1  CONTENDED 1

  GT divisions with a detected parent: 151

    PRESENT        60    39.7%
    FREE            9     6.0%
    CONTENDED      79    52.3%
    NO_DAUGHTER     3     2.0%
    NO_PARENT       0     0.0%

  of the 91 MISSED divisions:
    reachable by the gates (FREE)        9.9%
    STRUCTURALLY EXCLUDED (CONTENDED)   86.8%
    undetectable (NO_DAUGHTER)           3.3%
