graph shape: no isolated nodes, min component size 4 in every film -- the ILP already enforces this.
n_pred/n_est per film runs 0.73 .. 1.38; the metric multiplier is UNCAPPED, so deleting nodes pays forever.

configuration                               proxy    dprox        J       dJ    mult    dmult n/n_est    divJ TP/FP/FN  notes
raw ILP, nothing applied                  0.93358           0.93188          1.00179           0.9188  0.0000   0/0/12  
ANCHOR raw + safe_div                     0.96964 +0.03607  0.93223 +0.00036 1.00180 +0.00001  0.9188  0.3571    5/2/7  

--- stage 1: prune isolated nodes (after safe_div) ---
  + prune isolated                        0.96964 +0.00000  0.93223 +0.00000 1.00180 +0.00000  0.9188  0.3571    5/2/7  

--- stage 2: short-track component filter (after safe_div) ---
  + short_track L=4 keep_forks=1          0.96964 +0.00000  0.93223 +0.00000 1.00180 +0.00000  0.9188  0.3571    5/2/7  
  + short_track L=4 keep_forks=0          0.96964 +0.00000  0.93223 +0.00000 1.00180 +0.00000  0.9188  0.3571    5/2/7  
  + short_track L=6 keep_forks=1          0.97189 +0.00224  0.93135 -0.00089 1.00527 +0.00347  0.8755  0.3571    5/2/7  st_comps=2015 st_removed=9029  <<FALSE GAIN: all multiplier
  + short_track L=6 keep_forks=0          0.97189 +0.00224  0.93135 -0.00089 1.00527 +0.00347  0.8755  0.3571    5/2/7  st_comps=2015 st_removed=9029  <<FALSE GAIN: all multiplier
  + short_track L=8 keep_forks=1          0.97358 +0.00394  0.92961 -0.00263 1.00903 +0.00723  0.8303  0.3571    5/2/7  st_comps=3476 st_removed=18469  <<FALSE GAIN: all multiplier
  + short_track L=8 keep_forks=0          0.97358 +0.00394  0.92961 -0.00263 1.00903 +0.00723  0.8303  0.3571    5/2/7  st_comps=3476 st_removed=18469  <<FALSE GAIN: all multiplier
  (monotonicity probe -- if the gain were real it would peak somewhere)
  + short_track L=12 keep_forks=1         0.96445 -0.00520  0.91504 -0.01719 1.01537 +0.01357  0.7508  0.3571    5/2/7  st_comps=5246 st_removed=35062
  + short_track L=20 keep_forks=1         0.93485 -0.03479  0.87510 -0.05713 1.02789 +0.02608  0.6113  0.3571    5/2/7  st_comps=7188 st_removed=64167
  + short_track L=40 keep_forks=1         0.74786 -0.22178  0.67510 -0.25713 1.05510 +0.05330  0.3563  0.3571    5/2/7  st_comps=9128 st_removed=117389

--- stage 3: single-frame gap closing, t -> t+2 (before safe_div) ---
  + gap_close thr=5um (reuse+synth)       0.97018 +0.00054  0.93311 +0.00087 1.00140 -0.00040  0.9246  0.3571    5/2/7  gap_pairs=1222 gap_synth=1222
  + gap_close thr=6um (reuse+synth)       0.96998 +0.00034  0.93295 +0.00072 1.00136 -0.00045  0.9252  0.3571    5/2/7  gap_pairs=1332 gap_synth=1332
  + gap_close thr=8um (reuse+synth)       0.97053 +0.00089  0.93360 +0.00137 1.00126 -0.00054  0.9263  0.3571    5/2/7  gap_pairs=1575 gap_synth=1575
  + gap_close thr=10um (reuse+synth)      0.97016 +0.00052  0.93331 +0.00108 1.00115 -0.00065  0.9276  0.3571    5/2/7  gap_pairs=1839 gap_synth=1839
  + gap_close thr=12um (reuse+synth)      0.97010 +0.00045  0.93333 +0.00110 1.00105 -0.00075  0.9292  0.3571    5/2/7  gap_pairs=2172 gap_synth=2172
  + gap_close thr=14um (reuse+synth)      0.96910 -0.00055  0.93241 +0.00017 1.00097 -0.00083  0.9307  0.3571    5/2/7  gap_pairs=2477 gap_synth=2477
  + gap_close thr=6um REUSE-ONLY          0.96964 +0.00000  0.93223 +0.00000 1.00180 +0.00000  0.9188  0.3571    5/2/7  
  + gap_close thr=10um REUSE-ONLY         0.96964 +0.00000  0.93223 +0.00000 1.00180 +0.00000  0.9188  0.3571    5/2/7  
  + gap_close thr=12um REUSE-ONLY         0.96964 +0.00000  0.93223 +0.00000 1.00180 +0.00000  0.9188  0.3571    5/2/7  
  + gap_close thr=6um SYNTH-ONLY          0.96998 +0.00034  0.93295 +0.00072 1.00136 -0.00045  0.9252  0.3571    5/2/7  gap_pairs=1332 gap_synth=1332
  + gap_close thr=12um SYNTH-ONLY         0.97010 +0.00045  0.93333 +0.00110 1.00105 -0.00075  0.9292  0.3571    5/2/7  gap_pairs=2172 gap_synth=2172
  (ordering probe: gap close AFTER safe_div, so it cannot eat daughters)
  + safe_div then gap_close thr=8um       0.97054 +0.00090  0.93360 +0.00137 1.00127 -0.00053  0.9262  0.3571    5/2/7  gap_pairs=1544 gap_synth=1544
  + safe_div then gap_close thr=12um      0.97011 +0.00047  0.93333 +0.00110 1.00107 -0.00073  0.9290  0.3571    5/2/7  gap_pairs=2124 gap_synth=2124
  (image-refined synthetic midpoints, deployed GAP_REFINE_* settings)
  + gap_close thr=8um IMAGE-REFINED       0.97054 +0.00089  0.93360 +0.00137 1.00125 -0.00055  0.9263  0.3571    5/2/7  gap_pairs=1575 gap_synth=1575

--- stage 3b: 2-frame gap recovery, t -> t+3 (before safe_div) ---
  + gap2 total=10.2 step=4.4              0.96163 -0.00802  0.93355 +0.00131 1.00149 -0.00031  0.9224  0.2667    4/3/8  gap2_nodes=758 gap2_pairs=379
  + gap2 total=14 step=6                  0.96156 -0.00808  0.93355 +0.00131 1.00142 -0.00039  0.9230  0.2667    4/3/8  gap2_nodes=878 gap2_pairs=439
  + gap2 no-context-gate                  0.96161 -0.00803  0.93355 +0.00131 1.00147 -0.00033  0.9226  0.2667    4/3/8  gap2_nodes=786 gap2_pairs=393
  (ordering probe: gap2 AFTER safe_div)
  + safe_div then gap2                    0.97085 +0.00121  0.93371 +0.00148 1.00149 -0.00031  0.9224  0.3571    5/2/7  gap2_nodes=750 gap2_pairs=375

--- stage 4: linefit smoothing (after safe_div; cannot move mult) ---
  + linefit w=0 window=2                  0.96964 +0.00000  0.93223 +0.00000 1.00180 +0.00000  0.9188  0.3571    5/2/7  
  + linefit w=0.2 window=2                0.97270 +0.00306  0.93530 +0.00306 1.00180 +0.00000  0.9188  0.3571    5/2/7  lf_moved=191694
  + linefit w=0.3 window=2                0.97317 +0.00352  0.93577 +0.00354 1.00183 +0.00003  0.9188  0.3571    5/2/7  lf_moved=191694
  + linefit w=0.4 window=2                0.97202 +0.00238  0.93465 +0.00241 1.00185 +0.00005  0.9188  0.3571    5/2/7  lf_moved=191694
  + linefit w=0.5 window=2                0.97122 +0.00157  0.93384 +0.00160 1.00186 +0.00005  0.9188  0.3571    5/2/7  lf_moved=191694
  + linefit w=0.6 window=2                0.97168 +0.00204  0.93430 +0.00206 1.00185 +0.00005  0.9188  0.3571    5/2/7  lf_moved=191694
  + linefit w=0.8 window=2                0.96864 -0.00100  0.93124 -0.00100 1.00177 -0.00003  0.9188  0.3571    5/2/7  lf_moved=191694
  + linefit w=0.3 window=1                0.97221 +0.00256  0.93482 +0.00258 1.00182 +0.00002  0.9188  0.3571    5/2/7  lf_moved=170384
  + linefit w=0.4 window=1                0.97026 +0.00062  0.93287 +0.00064 1.00181 +0.00001  0.9188  0.3571    5/2/7  lf_moved=170384
  + linefit w=0.3 window=3                0.97334 +0.00370  0.93595 +0.00372 1.00182 +0.00002  0.9188  0.3571    5/2/7  lf_moved=191694
  + linefit w=0.4 window=3                0.97399 +0.00435  0.93659 +0.00436 1.00183 +0.00003  0.9188  0.3571    5/2/7  lf_moved=191694
  + linefit w=0.3 window=4                0.97271 +0.00307  0.93531 +0.00308 1.00182 +0.00002  0.9188  0.3571    5/2/7  lf_moved=191694
  + linefit w=0.4 window=4                0.97529 +0.00564  0.93787 +0.00563 1.00181 +0.00001  0.9188  0.3571    5/2/7  lf_moved=191694
  + linefit w=0.3 window=5                0.97255 +0.00291  0.93514 +0.00291 1.00181 +0.00001  0.9188  0.3571    5/2/7  lf_moved=191694
  + linefit w=0.4 window=5                0.97383 +0.00419  0.93642 +0.00419 1.00182 +0.00002  0.9188  0.3571    5/2/7  lf_moved=191694
  (linefit BEFORE safe_div -- smoother positions feed the division gates)
  + linefit w=0.3 then safe_div           0.96035 -0.00929  0.93559 +0.00336 1.00183 +0.00003  0.9188  0.2308    3/1/9  lf_moved=191751
  + linefit w=0.4 then safe_div           0.94899 -0.02066  0.93398 +0.00175 1.00185 +0.00005  0.9188  0.1333   2/3/10  lf_moved=191751

--- best combinations (J-honest first, then with the node-deleting filter) ---
  gap_close8 + safe_div + linefit0.4      0.97341 +0.00377  0.93651 +0.00428 1.00129 -0.00051  0.9263  0.3571    5/2/7  gap_pairs=1575 gap_synth=1575 lf_moved=193284
  linefit0.4 + gap_close8 + safe_div      0.95134 -0.01830  0.93682 +0.00458 1.00128 -0.00052  0.9264  0.1333   2/3/10  gap_pairs=1589 gap_synth=1589 lf_moved=191751
  gap_close8+safe_div+short6+linefit0.4   0.97653 +0.00689  0.93725 +0.00501 1.00388 +0.00208  0.8954  0.3571    5/2/7  gap_pairs=1575 gap_synth=1575 lf_moved=186831 st_comps=1439 st_removed=6453
  gap_close8+safe_div+short8+linefit0.4   0.97879 +0.00915  0.93698 +0.00475 1.00661 +0.00481  0.8637  0.3571    5/2/7  gap_pairs=1575 gap_synth=1575 lf_moved=180207 st_comps=2461 st_removed=13077
  BEST gc8+sd+gap2+lf0.4/w3               0.97726 +0.00761  0.94059 +0.00836 1.00098 -0.00082  0.9296  0.3571    5/2/7  gap2_nodes=686 gap2_pairs=343 gap_pairs=1575 gap_synth=1575 lf_moved=193971
  BEST gc8+sd+gap2+lf0.3/w3               0.97661 +0.00696  0.93995 +0.00771 1.00098 -0.00082  0.9296  0.3571    5/2/7  gap2_nodes=686 gap2_pairs=343 gap_pairs=1575 gap_synth=1575 lf_moved=193971
  BEST gc8+sd+lf0.4/w3                    0.97636 +0.00671  0.93943 +0.00719 1.00127 -0.00053  0.9263  0.3571    5/2/7  gap_pairs=1575 gap_synth=1575 lf_moved=193284
  BEST gc8+sd+gap2+lf0.4/w4               0.97776 +0.00811  0.94107 +0.00883 1.00095 -0.00085  0.9296  0.3571    5/2/7  gap2_nodes=686 gap2_pairs=343 gap_pairs=1575 gap_synth=1575 lf_moved=193971
  BEST gc8+sd+gap2+lf0.3/w4               0.97629 +0.00665  0.93962 +0.00738 1.00098 -0.00082  0.9296  0.3571    5/2/7  gap2_nodes=686 gap2_pairs=343 gap_pairs=1575 gap_synth=1575 lf_moved=193971

--- per-film: is the winner's gain broad or one film? (w=0.4, window=3) ---
film                      anchor J    best J        dJ  anchor adj  best adj      dadj  n/n_est
44b6_12dfb391              0.88443   0.90541  +0.02098     0.90451   0.92490  +0.02039   0.7847
44b6_267148e4              0.87075   0.90972  +0.03897     0.85391   0.89097  +0.03706   1.2062
44b6_2a2eff9f              0.84549   0.85714  +0.01165     0.86865   0.87975  +0.01110   0.7363
44b6_341df25f              0.99048   0.99048  +0.00000     0.97600   0.97530  -0.00069   1.1532
6bba_062c8d37              0.99778   0.99556  -0.00222     0.99832   0.99539  -0.00293   1.0017
6bba_07e24132              0.83242   0.84765  +0.01523     0.80039   0.81352  +0.01313   1.4026
6bba_085bf656              0.99231   0.99231  +0.00000     0.99285   0.99262  -0.00023   0.9969
6bba_09961292              0.91812   0.92513  +0.00701     0.92155   0.92782  +0.00628   0.9709
films where edge J improved: 5/8

--- absolute edge confusion (the eval set is only ~5.7k GT edges) ---
film                      GTnode  GTedge     anchor tp/fp/fn       best tp/fp/fn
44b6_12dfb391                788     773           727/49/46           737/41/36
44b6_267148e4                280     277           256/17/21           262/11/15
44b6_2a2eff9f                214     210           197/23/13           198/21/12
44b6_341df25f                216     209             208/1/1             208/1/1
6bba_062c8d37                930     898             897/1/1             896/2/2
6bba_07e24132                359     345           303/19/42           306/16/39
6bba_085bf656               1198    1168            1162/3/6            1162/3/6
6bba_09961292               1950    1871          1794/83/77          1804/79/67
TOTAL                       5935    5751        5544/196/207        5573/174/178
net edge change (tp, fp, fn): [29, -22, -29]

--- linefit localization check: distance from matched pred node to its GT partner ---
config                      matched  mean um  median um
linefit w=0 window=2           5879    1.715      1.688
linefit w=0.2 window=2         5880    1.664      1.565
linefit w=0.3 window=2         5877    1.649      1.519
linefit w=0.4 window=2         5877    1.643      1.477
linefit w=0.4 window=3         5880    1.649      1.473
linefit w=0.4 window=4         5878    1.655      1.471
linefit w=0.6 window=2         5874    1.653      1.454
linefit w=0.8 window=2         5872    1.691      1.469
linefit w=1 window=2           5872    1.754      1.518

wrote /Users/aryaarun/Developer/biohub26/artifacts/other_stages.csv
