87 films carry a labelled division
[  1/87] 44b6_12dfb391 pos=1 rows=8 eta 1min
[  2/87] 44b6_267148e4 pos=0 rows=8 eta 1min
[  3/87] 44b6_2a2eff9f pos=0 rows=8 eta 0min
[  4/87] 44b6_341df25f pos=0 rows=8 eta 0min
[  5/87] 44b6_587a1e22 pos=1 rows=11 eta 0min
[  6/87] 44b6_5f15d135 pos=0 rows=11 eta 0min
[  7/87] 44b6_706092f0 pos=0 rows=11 eta 0min
[  8/87] 44b6_74d0c52e pos=0 rows=11 eta 0min
[  9/87] 44b6_7a302da0 pos=1 rows=14 eta 0min
[ 10/87] 44b6_996155de pos=1 rows=17 eta 0min
[ 11/87] 44b6_9be80b04 pos=0 rows=17 eta 0min
[ 12/87] 44b6_a21120c2 pos=1 rows=22 eta 0min
[ 13/87] 44b6_aaf8b0ea pos=0 rows=22 eta 0min
[ 14/87] 44b6_c50204e0 pos=1 rows=25 eta 0min
[ 15/87] 44b6_c8e2a523 pos=0 rows=25 eta 0min
[ 16/87] 44b6_d2f34f90 pos=1 rows=28 eta 0min
[ 17/87] 44b6_d5e7d891 pos=2 rows=46 eta 0min
[ 18/87] 44b6_d754aa59 pos=0 rows=46 eta 0min
[ 19/87] 44b6_deabac95 pos=0 rows=46 eta 0min
[ 20/87] 44b6_e28840c6 pos=1 rows=49 eta 0min
[ 21/87] 44b6_eb2880fc pos=1 rows=52 eta 0min
[ 22/87] 6bba_05db0fb1 pos=3 rows=91 eta 0min
[ 23/87] 6bba_062c8d37 pos=1 rows=100 eta 0min
[ 24/87] 6bba_07e24132 pos=2 rows=107 eta 0min
[ 25/87] 6bba_085bf656 pos=1 rows=120 eta 0min
[ 26/87] 6bba_09961292 pos=4 rows=172 eta 0min
[ 27/87] 6bba_0e7c0d07 pos=1 rows=175 eta 0min
[ 28/87] 6bba_12665c0e pos=3 rows=206 eta 0min
[ 29/87] 6bba_1d0d8384 pos=1 rows=219 eta 0min
[ 30/87] 6bba_207c6aaf pos=1 rows=229 eta 0min
[ 31/87] 6bba_20852818 pos=3 rows=261 eta 0min
[ 32/87] 6bba_2312ac41 pos=2 rows=286 eta 0min
[ 33/87] 6bba_268e1230 pos=1 rows=293 eta 0min
[ 34/87] 6bba_2819ca14 pos=1 rows=305 eta 0min
[ 35/87] 6bba_32db13fc pos=1 rows=318 eta 0min
[ 36/87] 6bba_337b1b3a pos=2 rows=339 eta 0min
[ 37/87] 6bba_3abfe10a pos=1 rows=352 eta 0min
[ 38/87] 6bba_3c5691b6 pos=2 rows=360 eta 0min
[ 39/87] 6bba_3db54e20 pos=1 rows=369 eta 0min
[ 40/87] 6bba_3fda6b25 pos=1 rows=378 eta 0min
[ 41/87] 6bba_474be664 pos=0 rows=378 eta 0min
[ 42/87] 6bba_48816121 pos=5 rows=417 eta 0min
[ 43/87] 6bba_4f99ce20 pos=2 rows=441 eta 0min
[ 44/87] 6bba_4ffd3da3 pos=3 rows=461 eta 0min
[ 45/87] 6bba_55b7eebe pos=1 rows=469 eta 0min
[ 46/87] 6bba_57b7cc1e pos=3 rows=508 eta 0min
[ 47/87] 6bba_5c039895 pos=3 rows=544 eta 0min
[ 48/87] 6bba_5c824876 pos=1 rows=555 eta 0min
[ 49/87] 6bba_61ecbe65 pos=1 rows=561 eta 0min
[ 50/87] 6bba_6321a359 pos=1 rows=572 eta 0min
[ 51/87] 6bba_67ebd073 pos=1 rows=576 eta 0min
[ 52/87] 6bba_6ca87370 pos=1 rows=589 eta 0min
[ 53/87] 6bba_705ec2c9 pos=1 rows=596 eta 0min
[ 54/87] 6bba_74686d6a pos=2 rows=606 eta 0min
[ 55/87] 6bba_784a78c9 pos=1 rows=619 eta 0min
[ 56/87] 6bba_786893ac pos=3 rows=654 eta 0min
[ 57/87] 6bba_78a7bd97 pos=2 rows=670 eta 0min
[ 58/87] 6bba_7af54fde pos=2 rows=693 eta 0min
[ 59/87] 6bba_7d3058ae pos=2 rows=717 eta 0min
[ 60/87] 6bba_7f87b3d8 pos=3 rows=750 eta 0min
[ 61/87] 6bba_80d12824 pos=1 rows=758 eta 0min
[ 62/87] 6bba_87289e13 pos=1 rows=768 eta 0min
[ 63/87] 6bba_8b7818bf pos=2 rows=782 eta 0min
[ 64/87] 6bba_907271db pos=1 rows=792 eta 0min
[ 65/87] 6bba_969618f6 pos=3 rows=814 eta 0min
[ 66/87] 6bba_9a41d029 pos=2 rows=840 eta 0min
[ 67/87] 6bba_9e23430b pos=1 rows=848 eta 0min
[ 68/87] 6bba_ab78413d pos=2 rows=872 eta 0min
[ 69/87] 6bba_aeee7805 pos=1 rows=884 eta 0min
[ 70/87] 6bba_afb141ff pos=4 rows=923 eta 0min
[ 71/87] 6bba_b204cac7 pos=2 rows=938 eta 0min
[ 72/87] 6bba_b329af44 pos=1 rows=949 eta 0min
[ 73/87] 6bba_bb9f20c3 pos=3 rows=988 eta 0min
[ 74/87] 6bba_c328f2fd pos=2 rows=998 eta 0min
[ 75/87] 6bba_cdcfe533 pos=4 rows=1042 eta 0min
[ 76/87] 6bba_d1acb6ff pos=1 rows=1055 eta 0min
[ 77/87] 6bba_d2b9fc0c pos=2 rows=1080 eta 0min
[ 78/87] 6bba_d3da753b pos=1 rows=1090 eta 0min
[ 79/87] 6bba_debd7bfa pos=4 rows=1135 eta 0min
[ 80/87] 6bba_df673a83 pos=4 rows=1160 eta 0min
[ 81/87] 6bba_e16ffc58 pos=1 rows=1172 eta 0min
[ 82/87] 6bba_ebdf3b34 pos=2 rows=1188 eta 0min
[ 83/87] 6bba_ef7b4f7e pos=2 rows=1214 eta 0min
[ 84/87] 6bba_f20478e9 pos=1 rows=1227 eta 0min
[ 85/87] 6bba_f8ffd5e7 pos=1 rows=1231 eta 0min
[ 86/87] 6bba_fc5f39dc pos=2 rows=1240 eta 0min
[ 87/87] 6bba_fe670320 pos=2 rows=1250 eta 0min

wrote 1250 rows | positives 134 | films 75
        size  sum
embryo           
44b6      52   11
6bba    1198  123
