Does the synthetic-trained GEOMETRY ranker transfer to REAL divisions?

scripts/124 on synthetic candidate triples:
    deployed GATES      AUC 0.7126   precision 0.171   recall 0.153
    learned GEOM        AUC 0.9233   precision 0.641   recall 0.572
    learned GEOM+IMAGE  AUC 0.9231   -- the image adds -0.0002, i.e. NOTHING

So the gates are the wrong FUNCTIONAL FORM, not badly tuned -- which explains
why section 5's sweep could not improve any threshold in any direction.

Geometry should transfer far better than appearance: the generator calibrates
sister separation (7.24um) and motion (1.86um/frame) against the real lineage
edges, and micrometres are micrometres. This tests it on the 151 REAL GT
divisions, with candidates built exactly as safe_div builds them.

No real label is ever fit here -- the model is trained purely on synthetic -- so
this is an honest test, the same property that made the s08 instrument test
meaningful.
====================================================================================
trained on synthetic geometry only

REAL candidate triples: 200  positives 21 (the GT divisions)  negatives 179

ARM (on REAL data)             AUC     TP     FP     FN  precision   recall
deployed GATES              0.6651      0      1     21      0.000    0.000
learned GEOM (synth)        0.8553      1      0     20      1.000    0.048

(matched operating point: both accept the same number of candidates)
