[44b6_12dfb391] after edge-filter+motion-relink: 45351 nodes, 42870 edges
[44b6_12dfb391] after gap-closing (single-frame + gap2): 46059 nodes, 44211 edges
[44b6_12dfb391] after safe-division repair: 46059 nodes, 44243 edges (geometric_candidates = 176, deepcenter_rejected = 144, post_veto_candidates = 32, added = 32, cap_skipped = 0, mutual_nn_rejected = 68, divergence_rejected = 1712)
[44b6_12dfb391] after division-geometry-filter+prune-isolated: 46059 nodes, 44243 edges
[44b6_12dfb391] after short-track filtering: 44791 nodes, 43260 edges (components_removed = 285)
[44b6_12dfb391] FINAL: 44791 nodes, 43260 edges
[44b6_267148e4] after edge-filter+motion-relink: 22829 nodes, 21426 edges
[44b6_267148e4] after gap-closing (single-frame + gap2): 23097 nodes, 21909 edges
[44b6_267148e4] after safe-division repair: 23097 nodes, 21939 edges (geometric_candidates = 223, deepcenter_rejected = 185, post_veto_candidates = 38, added = 30, cap_skipped = 0, mutual_nn_rejected = 129, divergence_rejected = 1049)
[44b6_267148e4] after division-geometry-filter+prune-isolated: 23096 nodes, 21939 edges
[44b6_267148e4] after short-track filtering: 22283 nodes, 21307 edges (components_removed = 181)
[44b6_267148e4] FINAL: 22283 nodes, 21307 edges
[44b6_2a2eff9f] after edge-filter+motion-relink: 40928 nodes, 38160 edges
[44b6_2a2eff9f] after gap-closing (single-frame + gap2): 41534 nodes, 39292 edges
[44b6_2a2eff9f] after safe-division repair: 41534 nodes, 39337 edges (geometric_candidates = 348, deepcenter_rejected = 303, post_veto_candidates = 45, added = 45, cap_skipped = 0, mutual_nn_rejected = 84, divergence_rejected = 1887)
[44b6_2a2eff9f] after division-geometry-filter+prune-isolated: 41534 nodes, 39337 edges
[44b6_2a2eff9f] after short-track filtering: 39909 nodes, 38075 edges (components_removed = 363)
[44b6_2a2eff9f] FINAL: 39909 nodes, 38075 edges
[44b6_341df25f] after edge-filter+motion-relink: 8523 nodes, 8186 edges
[44b6_341df25f] after gap-closing (single-frame + gap2): 8575 nodes, 8275 edges
[44b6_341df25f] after safe-division repair: 8575 nodes, 8287 edges (geometric_candidates = 41, deepcenter_rejected = 27, post_veto_candidates = 14, added = 12, cap_skipped = 0, mutual_nn_rejected = 4, divergence_rejected = 156)
[44b6_341df25f] after division-geometry-filter+prune-isolated: 8575 nodes, 8287 edges
[44b6_341df25f] after short-track filtering: 8378 nodes, 8134 edges (components_removed = 44)
[44b6_341df25f] FINAL: 8378 nodes, 8134 edges
[6bba_062c8d37] after edge-filter+motion-relink: 5997 nodes, 5657 edges
[6bba_062c8d37] after gap-closing (single-frame + gap2): 6050 nodes, 5755 edges
[6bba_062c8d37] after safe-division repair: 6050 nodes, 5761 edges (geometric_candidates = 19, deepcenter_rejected = 12, post_veto_candidates = 7, added = 6, cap_skipped = 0, mutual_nn_rejected = 2, divergence_rejected = 53)
[6bba_062c8d37] after division-geometry-filter+prune-isolated: 6029 nodes, 5761 edges
[6bba_062c8d37] after short-track filtering: 5901 nodes, 5663 edges (components_removed = 30)
[6bba_062c8d37] FINAL: 5901 nodes, 5663 edges
[6bba_07e24132] after edge-filter+motion-relink: 29751 nodes, 27967 edges
[6bba_07e24132] after gap-closing (single-frame + gap2): 30151 nodes, 28704 edges
[6bba_07e24132] after safe-division repair: 30151 nodes, 28715 edges (geometric_candidates = 131, deepcenter_rejected = 119, post_veto_candidates = 12, added = 11, cap_skipped = 0, mutual_nn_rejected = 96, divergence_rejected = 1195)
[6bba_07e24132] after division-geometry-filter+prune-isolated: 30151 nodes, 28715 edges
[6bba_07e24132] after short-track filtering: 29062 nodes, 27869 edges (components_removed = 243)
[6bba_07e24132] FINAL: 29062 nodes, 27869 edges
[6bba_085bf656] after edge-filter+motion-relink: 8417 nodes, 8082 edges
[6bba_085bf656] after gap-closing (single-frame + gap2): 8437 nodes, 8119 edges
[6bba_085bf656] after safe-division repair: 8437 nodes, 8123 edges (geometric_candidates = 22, deepcenter_rejected = 18, post_veto_candidates = 4, added = 4, cap_skipped = 0, mutual_nn_rejected = 4, divergence_rejected = 106)
[6bba_085bf656] after division-geometry-filter+prune-isolated: 8434 nodes, 8123 edges
[6bba_085bf656] after short-track filtering: 8271 nodes, 7995 edges (components_removed = 35)
[6bba_085bf656] FINAL: 8271 nodes, 7995 edges
[6bba_09961292] after edge-filter+motion-relink: 29955 nodes, 28653 edges
[6bba_09961292] after gap-closing (single-frame + gap2): 30225 nodes, 29147 edges
[6bba_09961292] after safe-division repair: 30225 nodes, 29177 edges (geometric_candidates = 127, deepcenter_rejected = 90, post_veto_candidates = 37, added = 30, cap_skipped = 0, mutual_nn_rejected = 96, divergence_rejected = 1121)
[6bba_09961292] after division-geometry-filter+prune-isolated: 30225 nodes, 29177 edges
[6bba_09961292] after short-track filtering: 29655 nodes, 28737 edges (components_removed = 130)
[6bba_09961292] FINAL: 29655 nodes, 28737 edges
VALIDATOR candidate: gap45 proxy = 0.973586 adjusted edge = 0.942817
[44b6_12dfb391] after edge-filter+motion-relink: 45351 nodes, 42870 edges
[44b6_12dfb391] after gap-closing (single-frame + gap2): 46068 nodes, 44229 edges
[44b6_12dfb391] after safe-division repair: 46068 nodes, 44261 edges (geometric_candidates = 175, deepcenter_rejected = 143, post_veto_candidates = 32, added = 32, cap_skipped = 0, mutual_nn_rejected = 67, divergence_rejected = 1699)
[44b6_12dfb391] after division-geometry-filter+prune-isolated: 46068 nodes, 44261 edges
[44b6_12dfb391] after short-track filtering: 44814 nodes, 43289 edges (components_removed = 282)
[44b6_12dfb391] FINAL: 44814 nodes, 43289 edges
[44b6_267148e4] after edge-filter+motion-relink: 22829 nodes, 21426 edges
[44b6_267148e4] after gap-closing (single-frame + gap2): 23106 nodes, 21927 edges
[44b6_267148e4] after safe-division repair: 23106 nodes, 21957 edges (geometric_candidates = 224, deepcenter_rejected = 185, post_veto_candidates = 39, added = 30, cap_skipped = 0, mutual_nn_rejected = 127, divergence_rejected = 1038)
[44b6_267148e4] after division-geometry-filter+prune-isolated: 23105 nodes, 21957 edges
[44b6_267148e4] after short-track filtering: 22305 nodes, 21335 edges (components_removed = 178)
[44b6_267148e4] FINAL: 22305 nodes, 21335 edges
[44b6_2a2eff9f] after edge-filter+motion-relink: 40928 nodes, 38160 edges
[44b6_2a2eff9f] after gap-closing (single-frame + gap2): 41547 nodes, 39318 edges
[44b6_2a2eff9f] after safe-division repair: 41547 nodes, 39362 edges (geometric_candidates = 345, deepcenter_rejected = 301, post_veto_candidates = 44, added = 44, cap_skipped = 0, mutual_nn_rejected = 84, divergence_rejected = 1869)
[44b6_2a2eff9f] after division-geometry-filter+prune-isolated: 41547 nodes, 39362 edges
[44b6_2a2eff9f] after short-track filtering: 39951 nodes, 38122 edges (components_removed = 356)
[44b6_2a2eff9f] FINAL: 39951 nodes, 38122 edges
[44b6_341df25f] after edge-filter+motion-relink: 8523 nodes, 8186 edges
[44b6_341df25f] after gap-closing (single-frame + gap2): 8576 nodes, 8277 edges
[44b6_341df25f] after safe-division repair: 8576 nodes, 8289 edges (geometric_candidates = 41, deepcenter_rejected = 27, post_veto_candidates = 14, added = 12, cap_skipped = 0, mutual_nn_rejected = 4, divergence_rejected = 155)
[44b6_341df25f] after division-geometry-filter+prune-isolated: 8576 nodes, 8289 edges
[44b6_341df25f] after short-track filtering: 8382 nodes, 8138 edges (components_removed = 43)
[44b6_341df25f] FINAL: 8382 nodes, 8138 edges
[6bba_062c8d37] after edge-filter+motion-relink: 5997 nodes, 5657 edges
[6bba_062c8d37] after gap-closing (single-frame + gap2): 6050 nodes, 5755 edges
[6bba_062c8d37] after safe-division repair: 6050 nodes, 5761 edges (geometric_candidates = 19, deepcenter_rejected = 12, post_veto_candidates = 7, added = 6, cap_skipped = 0, mutual_nn_rejected = 2, divergence_rejected = 53)
[6bba_062c8d37] after division-geometry-filter+prune-isolated: 6029 nodes, 5761 edges
[6bba_062c8d37] after short-track filtering: 5901 nodes, 5663 edges (components_removed = 30)
[6bba_062c8d37] FINAL: 5901 nodes, 5663 edges
[6bba_07e24132] after edge-filter+motion-relink: 29751 nodes, 27967 edges
[6bba_07e24132] after gap-closing (single-frame + gap2): 30150 nodes, 28702 edges
[6bba_07e24132] after safe-division repair: 30150 nodes, 28712 edges (geometric_candidates = 130, deepcenter_rejected = 120, post_veto_candidates = 10, added = 10, cap_skipped = 0, mutual_nn_rejected = 98, divergence_rejected = 1196)
[6bba_07e24132] after division-geometry-filter+prune-isolated: 30150 nodes, 28712 edges
[6bba_07e24132] after short-track filtering: 29061 nodes, 27866 edges (components_removed = 243)
[6bba_07e24132] FINAL: 29061 nodes, 27866 edges
[6bba_085bf656] after edge-filter+motion-relink: 8417 nodes, 8082 edges
[6bba_085bf656] after gap-closing (single-frame + gap2): 8437 nodes, 8119 edges
[6bba_085bf656] after safe-division repair: 8437 nodes, 8123 edges (geometric_candidates = 22, deepcenter_rejected = 18, post_veto_candidates = 4, added = 4, cap_skipped = 0, mutual_nn_rejected = 4, divergence_rejected = 106)
[6bba_085bf656] after division-geometry-filter+prune-isolated: 8434 nodes, 8123 edges
[6bba_085bf656] after short-track filtering: 8271 nodes, 7995 edges (components_removed = 35)
[6bba_085bf656] FINAL: 8271 nodes, 7995 edges
[6bba_09961292] after edge-filter+motion-relink: 29955 nodes, 28653 edges
[6bba_09961292] after gap-closing (single-frame + gap2): 30229 nodes, 29156 edges
[6bba_09961292] after safe-division repair: 30229 nodes, 29186 edges (geometric_candidates = 125, deepcenter_rejected = 89, post_veto_candidates = 36, added = 30, cap_skipped = 0, mutual_nn_rejected = 95, divergence_rejected = 1112)
[6bba_09961292] after division-geometry-filter+prune-isolated: 30229 nodes, 29186 edges
[6bba_09961292] after short-track filtering: 29659 nodes, 28746 edges (components_removed = 130)
[6bba_09961292] FINAL: 29659 nodes, 28746 edges
VALIDATOR candidate: tight55 proxy = 0.973575 adjusted edge = 0.942806
[44b6_12dfb391] after edge-filter+motion-relink: 45351 nodes, 42870 edges
[44b6_12dfb391] after gap-closing (single-frame + gap2): 46068 nodes, 44229 edges
[44b6_12dfb391] after safe-division repair: 46068 nodes, 44261 edges (geometric_candidates = 175, deepcenter_rejected = 143, post_veto_candidates = 32, added = 32, cap_skipped = 0, mutual_nn_rejected = 67, divergence_rejected = 1699)
[44b6_12dfb391] after division-geometry-filter+prune-isolated: 46068 nodes, 44261 edges
[44b6_12dfb391] after short-track filtering: 44814 nodes, 43289 edges (components_removed = 282)
[44b6_12dfb391] FINAL: 44814 nodes, 43289 edges
[44b6_267148e4] after edge-filter+motion-relink: 22829 nodes, 21426 edges
[44b6_267148e4] after gap-closing (single-frame + gap2): 23106 nodes, 21927 edges
[44b6_267148e4] after safe-division repair: 23106 nodes, 21957 edges (geometric_candidates = 224, deepcenter_rejected = 185, post_veto_candidates = 39, added = 30, cap_skipped = 0, mutual_nn_rejected = 127, divergence_rejected = 1038)
[44b6_267148e4] after division-geometry-filter+prune-isolated: 23105 nodes, 21957 edges
[44b6_267148e4] after short-track filtering: 22305 nodes, 21335 edges (components_removed = 178)
[44b6_267148e4] FINAL: 22305 nodes, 21335 edges
[44b6_2a2eff9f] after edge-filter+motion-relink: 40928 nodes, 38160 edges
[44b6_2a2eff9f] after gap-closing (single-frame + gap2): 41547 nodes, 39318 edges
[44b6_2a2eff9f] after safe-division repair: 41547 nodes, 39362 edges (geometric_candidates = 345, deepcenter_rejected = 301, post_veto_candidates = 44, added = 44, cap_skipped = 0, mutual_nn_rejected = 84, divergence_rejected = 1869)
[44b6_2a2eff9f] after division-geometry-filter+prune-isolated: 41547 nodes, 39362 edges
[44b6_2a2eff9f] after short-track filtering: 39951 nodes, 38122 edges (components_removed = 356)
[44b6_2a2eff9f] FINAL: 39951 nodes, 38122 edges
[44b6_341df25f] after edge-filter+motion-relink: 8523 nodes, 8186 edges
[44b6_341df25f] after gap-closing (single-frame + gap2): 8576 nodes, 8277 edges
[44b6_341df25f] after safe-division repair: 8576 nodes, 8289 edges (geometric_candidates = 41, deepcenter_rejected = 27, post_veto_candidates = 14, added = 12, cap_skipped = 0, mutual_nn_rejected = 4, divergence_rejected = 155)
[44b6_341df25f] after division-geometry-filter+prune-isolated: 8576 nodes, 8289 edges
[44b6_341df25f] after short-track filtering: 8382 nodes, 8138 edges (components_removed = 43)
[44b6_341df25f] FINAL: 8382 nodes, 8138 edges
[6bba_062c8d37] after edge-filter+motion-relink: 5997 nodes, 5657 edges
[6bba_062c8d37] after gap-closing (single-frame + gap2): 6050 nodes, 5755 edges
[6bba_062c8d37] after safe-division repair: 6050 nodes, 5761 edges (geometric_candidates = 19, deepcenter_rejected = 12, post_veto_candidates = 7, added = 6, cap_skipped = 0, mutual_nn_rejected = 2, divergence_rejected = 53)
[6bba_062c8d37] after division-geometry-filter+prune-isolated: 6029 nodes, 5761 edges
[6bba_062c8d37] after short-track filtering: 5901 nodes, 5663 edges (components_removed = 30)
[6bba_062c8d37] FINAL: 5901 nodes, 5663 edges
[6bba_07e24132] after edge-filter+motion-relink: 29751 nodes, 27967 edges
[6bba_07e24132] after gap-closing (single-frame + gap2): 30150 nodes, 28702 edges
[6bba_07e24132] after safe-division repair: 30150 nodes, 28712 edges (geometric_candidates = 130, deepcenter_rejected = 120, post_veto_candidates = 10, added = 10, cap_skipped = 0, mutual_nn_rejected = 98, divergence_rejected = 1196)
[6bba_07e24132] after division-geometry-filter+prune-isolated: 30150 nodes, 28712 edges
[6bba_07e24132] after short-track filtering: 29061 nodes, 27866 edges (components_removed = 243)
[6bba_07e24132] FINAL: 29061 nodes, 27866 edges
[6bba_085bf656] after edge-filter+motion-relink: 8417 nodes, 8082 edges
[6bba_085bf656] after gap-closing (single-frame + gap2): 8437 nodes, 8119 edges
[6bba_085bf656] after safe-division repair: 8437 nodes, 8123 edges (geometric_candidates = 22, deepcenter_rejected = 18, post_veto_candidates = 4, added = 4, cap_skipped = 0, mutual_nn_rejected = 4, divergence_rejected = 106)
[6bba_085bf656] after division-geometry-filter+prune-isolated: 8434 nodes, 8123 edges
[6bba_085bf656] after short-track filtering: 8271 nodes, 7995 edges (components_removed = 35)
[6bba_085bf656] FINAL: 8271 nodes, 7995 edges
[6bba_09961292] after edge-filter+motion-relink: 29955 nodes, 28653 edges
[6bba_09961292] after gap-closing (single-frame + gap2): 30229 nodes, 29156 edges
[6bba_09961292] after safe-division repair: 30229 nodes, 29186 edges (geometric_candidates = 125, deepcenter_rejected = 89, post_veto_candidates = 36, added = 30, cap_skipped = 0, mutual_nn_rejected = 95, divergence_rejected = 1112)
[6bba_09961292] after division-geometry-filter+prune-isolated: 30229 nodes, 29186 edges
[6bba_09961292] after short-track filtering: 29659 nodes, 28746 edges (components_removed = 130)
[6bba_09961292] FINAL: 29659 nodes, 28746 edges
VALIDATOR candidate: relaxed9 proxy = 0.973575 adjusted edge = 0.942806
[44b6_12dfb391] after edge-filter+motion-relink: 45351 nodes, 42870 edges
[44b6_12dfb391] after gap-closing (single-frame + gap2): 46068 nodes, 44229 edges
[44b6_12dfb391] after safe-division repair: 46068 nodes, 44261 edges (geometric_candidates = 175, deepcenter_rejected = 143, post_veto_candidates = 32, added = 32, cap_skipped = 0, mutual_nn_rejected = 67, divergence_rejected = 1699)
[44b6_12dfb391] after division-geometry-filter+prune-isolated: 46068 nodes, 44261 edges
[44b6_12dfb391] after short-track filtering: 44814 nodes, 43289 edges (components_removed = 282)
[44b6_12dfb391] FINAL: 44814 nodes, 43289 edges
[44b6_267148e4] after edge-filter+motion-relink: 22829 nodes, 21426 edges
[44b6_267148e4] after gap-closing (single-frame + gap2): 23106 nodes, 21927 edges
[44b6_267148e4] after safe-division repair: 23106 nodes, 21957 edges (geometric_candidates = 224, deepcenter_rejected = 185, post_veto_candidates = 39, added = 30, cap_skipped = 0, mutual_nn_rejected = 127, divergence_rejected = 1038)
[44b6_267148e4] after division-geometry-filter+prune-isolated: 23105 nodes, 21957 edges
[44b6_267148e4] after short-track filtering: 22305 nodes, 21335 edges (components_removed = 178)
[44b6_267148e4] FINAL: 22305 nodes, 21335 edges
[44b6_2a2eff9f] after edge-filter+motion-relink: 40928 nodes, 38160 edges
[44b6_2a2eff9f] after gap-closing (single-frame + gap2): 41547 nodes, 39318 edges
[44b6_2a2eff9f] after safe-division repair: 41547 nodes, 39362 edges (geometric_candidates = 345, deepcenter_rejected = 301, post_veto_candidates = 44, added = 44, cap_skipped = 0, mutual_nn_rejected = 84, divergence_rejected = 1869)
[44b6_2a2eff9f] after division-geometry-filter+prune-isolated: 41547 nodes, 39362 edges
[44b6_2a2eff9f] after short-track filtering: 39951 nodes, 38122 edges (components_removed = 356)
[44b6_2a2eff9f] FINAL: 39951 nodes, 38122 edges
[44b6_341df25f] after edge-filter+motion-relink: 8523 nodes, 8186 edges
[44b6_341df25f] after gap-closing (single-frame + gap2): 8576 nodes, 8277 edges
[44b6_341df25f] after safe-division repair: 8576 nodes, 8289 edges (geometric_candidates = 41, deepcenter_rejected = 27, post_veto_candidates = 14, added = 12, cap_skipped = 0, mutual_nn_rejected = 4, divergence_rejected = 155)
[44b6_341df25f] after division-geometry-filter+prune-isolated: 8576 nodes, 8289 edges
[44b6_341df25f] after short-track filtering: 8382 nodes, 8138 edges (components_removed = 43)
[44b6_341df25f] FINAL: 8382 nodes, 8138 edges
[6bba_062c8d37] after edge-filter+motion-relink: 5997 nodes, 5657 edges
[6bba_062c8d37] after gap-closing (single-frame + gap2): 6050 nodes, 5755 edges
[6bba_062c8d37] after safe-division repair: 6050 nodes, 5761 edges (geometric_candidates = 19, deepcenter_rejected = 12, post_veto_candidates = 7, added = 6, cap_skipped = 0, mutual_nn_rejected = 2, divergence_rejected = 53)
[6bba_062c8d37] after division-geometry-filter+prune-isolated: 6029 nodes, 5761 edges
[6bba_062c8d37] after short-track filtering: 5901 nodes, 5663 edges (components_removed = 30)
[6bba_062c8d37] FINAL: 5901 nodes, 5663 edges
[6bba_07e24132] after edge-filter+motion-relink: 29751 nodes, 27967 edges
[6bba_07e24132] after gap-closing (single-frame + gap2): 30150 nodes, 28702 edges
[6bba_07e24132] after safe-division repair: 30150 nodes, 28712 edges (geometric_candidates = 130, deepcenter_rejected = 120, post_veto_candidates = 10, added = 10, cap_skipped = 0, mutual_nn_rejected = 98, divergence_rejected = 1196)
[6bba_07e24132] after division-geometry-filter+prune-isolated: 30150 nodes, 28712 edges
[6bba_07e24132] after short-track filtering: 29061 nodes, 27866 edges (components_removed = 243)
[6bba_07e24132] FINAL: 29061 nodes, 27866 edges
[6bba_085bf656] after edge-filter+motion-relink: 8417 nodes, 8082 edges
[6bba_085bf656] after gap-closing (single-frame + gap2): 8437 nodes, 8119 edges
[6bba_085bf656] after safe-division repair: 8437 nodes, 8123 edges (geometric_candidates = 22, deepcenter_rejected = 18, post_veto_candidates = 4, added = 4, cap_skipped = 0, mutual_nn_rejected = 4, divergence_rejected = 106)
[6bba_085bf656] after division-geometry-filter+prune-isolated: 8434 nodes, 8123 edges
[6bba_085bf656] after short-track filtering: 8271 nodes, 7995 edges (components_removed = 35)
[6bba_085bf656] FINAL: 8271 nodes, 7995 edges
[6bba_09961292] after edge-filter+motion-relink: 29955 nodes, 28653 edges
[6bba_09961292] after gap-closing (single-frame + gap2): 30229 nodes, 29156 edges
[6bba_09961292] after safe-division repair: 30229 nodes, 29186 edges (geometric_candidates = 125, deepcenter_rejected = 89, post_veto_candidates = 36, added = 30, cap_skipped = 0, mutual_nn_rejected = 95, divergence_rejected = 1112)
[6bba_09961292] after division-geometry-filter+prune-isolated: 30229 nodes, 29186 edges
[6bba_09961292] after short-track filtering: 29659 nodes, 28746 edges (components_removed = 130)
[6bba_09961292] FINAL: 29659 nodes, 28746 edges
VALIDATOR candidate: bonus125 proxy = 0.973575 adjusted edge = 0.942806
[44b6_12dfb391] after edge-filter+motion-relink: 45351 nodes, 42870 edges
[44b6_12dfb391] after gap-closing (single-frame + gap2): 46068 nodes, 44229 edges
[44b6_12dfb391] after safe-division repair: 46068 nodes, 44261 edges (geometric_candidates = 175, deepcenter_rejected = 143, post_veto_candidates = 32, added = 32, cap_skipped = 0, mutual_nn_rejected = 67, divergence_rejected = 1699)
[44b6_12dfb391] after division-geometry-filter+prune-isolated: 46068 nodes, 44261 edges
[44b6_12dfb391] after short-track filtering: 44814 nodes, 43289 edges (components_removed = 282)
[44b6_12dfb391] FINAL: 44814 nodes, 43289 edges
[44b6_267148e4] after edge-filter+motion-relink: 22829 nodes, 21426 edges
[44b6_267148e4] after gap-closing (single-frame + gap2): 23106 nodes, 21927 edges
[44b6_267148e4] after safe-division repair: 23106 nodes, 21957 edges (geometric_candidates = 224, deepcenter_rejected = 185, post_veto_candidates = 39, added = 30, cap_skipped = 0, mutual_nn_rejected = 127, divergence_rejected = 1038)
[44b6_267148e4] after division-geometry-filter+prune-isolated: 23105 nodes, 21957 edges
[44b6_267148e4] after short-track filtering: 22305 nodes, 21335 edges (components_removed = 178)
[44b6_267148e4] FINAL: 22305 nodes, 21335 edges
[44b6_2a2eff9f] after edge-filter+motion-relink: 40928 nodes, 38160 edges
[44b6_2a2eff9f] after gap-closing (single-frame + gap2): 41547 nodes, 39318 edges
[44b6_2a2eff9f] after safe-division repair: 41547 nodes, 39362 edges (geometric_candidates = 345, deepcenter_rejected = 301, post_veto_candidates = 44, added = 44, cap_skipped = 0, mutual_nn_rejected = 84, divergence_rejected = 1869)
[44b6_2a2eff9f] after division-geometry-filter+prune-isolated: 41547 nodes, 39362 edges
[44b6_2a2eff9f] after short-track filtering: 39951 nodes, 38122 edges (components_removed = 356)
[44b6_2a2eff9f] FINAL: 39951 nodes, 38122 edges
[44b6_341df25f] after edge-filter+motion-relink: 8523 nodes, 8186 edges
[44b6_341df25f] after gap-closing (single-frame + gap2): 8576 nodes, 8277 edges
[44b6_341df25f] after safe-division repair: 8576 nodes, 8289 edges (geometric_candidates = 41, deepcenter_rejected = 27, post_veto_candidates = 14, added = 12, cap_skipped = 0, mutual_nn_rejected = 4, divergence_rejected = 155)
[44b6_341df25f] after division-geometry-filter+prune-isolated: 8576 nodes, 8289 edges
[44b6_341df25f] after short-track filtering: 8382 nodes, 8138 edges (components_removed = 43)
[44b6_341df25f] FINAL: 8382 nodes, 8138 edges
[6bba_062c8d37] after edge-filter+motion-relink: 5997 nodes, 5657 edges
[6bba_062c8d37] after gap-closing (single-frame + gap2): 6050 nodes, 5755 edges
[6bba_062c8d37] after safe-division repair: 6050 nodes, 5761 edges (geometric_candidates = 19, deepcenter_rejected = 12, post_veto_candidates = 7, added = 6, cap_skipped = 0, mutual_nn_rejected = 2, divergence_rejected = 53)
[6bba_062c8d37] after division-geometry-filter+prune-isolated: 6029 nodes, 5761 edges
[6bba_062c8d37] after short-track filtering: 5901 nodes, 5663 edges (components_removed = 30)
[6bba_062c8d37] FINAL: 5901 nodes, 5663 edges
[6bba_07e24132] after edge-filter+motion-relink: 29751 nodes, 27967 edges
[6bba_07e24132] after gap-closing (single-frame + gap2): 30150 nodes, 28702 edges
[6bba_07e24132] after safe-division repair: 30150 nodes, 28712 edges (geometric_candidates = 130, deepcenter_rejected = 120, post_veto_candidates = 10, added = 10, cap_skipped = 0, mutual_nn_rejected = 98, divergence_rejected = 1196)
[6bba_07e24132] after division-geometry-filter+prune-isolated: 30150 nodes, 28712 edges
[6bba_07e24132] after short-track filtering: 29061 nodes, 27866 edges (components_removed = 243)
[6bba_07e24132] FINAL: 29061 nodes, 27866 edges
[6bba_085bf656] after edge-filter+motion-relink: 8417 nodes, 8082 edges
[6bba_085bf656] after gap-closing (single-frame + gap2): 8437 nodes, 8119 edges
[6bba_085bf656] after safe-division repair: 8437 nodes, 8123 edges (geometric_candidates = 22, deepcenter_rejected = 18, post_veto_candidates = 4, added = 4, cap_skipped = 0, mutual_nn_rejected = 4, divergence_rejected = 106)
[6bba_085bf656] after division-geometry-filter+prune-isolated: 8434 nodes, 8123 edges
[6bba_085bf656] after short-track filtering: 8271 nodes, 7995 edges (components_removed = 35)
[6bba_085bf656] FINAL: 8271 nodes, 7995 edges
[6bba_09961292] after edge-filter+motion-relink: 29955 nodes, 28653 edges
[6bba_09961292] after gap-closing (single-frame + gap2): 30229 nodes, 29156 edges
[6bba_09961292] after safe-division repair: 30229 nodes, 29186 edges (geometric_candidates = 125, deepcenter_rejected = 89, post_veto_candidates = 36, added = 30, cap_skipped = 0, mutual_nn_rejected = 95, divergence_rejected = 1112)
[6bba_09961292] after division-geometry-filter+prune-isolated: 30229 nodes, 29186 edges
[6bba_09961292] after short-track filtering: 29659 nodes, 28746 edges (components_removed = 130)
[6bba_09961292] FINAL: 29659 nodes, 28746 edges
VALIDATOR candidate: gap2step40 proxy = 0.973575 adjusted edge = 0.942806
[44b6_12dfb391] after edge-filter+motion-relink: 45351 nodes, 42870 edges
[44b6_12dfb391] after gap-closing (single-frame + gap2): 46068 nodes, 44229 edges
[44b6_12dfb391] after safe-division repair: 46068 nodes, 44261 edges (geometric_candidates = 175, deepcenter_rejected = 143, post_veto_candidates = 32, added = 32, cap_skipped = 0, mutual_nn_rejected = 67, divergence_rejected = 1699)
[44b6_12dfb391] after division-geometry-filter+prune-isolated: 46068 nodes, 44261 edges
[44b6_12dfb391] after short-track filtering: 44814 nodes, 43289 edges (components_removed = 282)
[44b6_12dfb391] FINAL: 44814 nodes, 43289 edges
[44b6_267148e4] after edge-filter+motion-relink: 22829 nodes, 21426 edges
[44b6_267148e4] after gap-closing (single-frame + gap2): 23106 nodes, 21927 edges
[44b6_267148e4] after safe-division repair: 23106 nodes, 21957 edges (geometric_candidates = 224, deepcenter_rejected = 185, post_veto_candidates = 39, added = 30, cap_skipped = 0, mutual_nn_rejected = 127, divergence_rejected = 1038)
[44b6_267148e4] after division-geometry-filter+prune-isolated: 23105 nodes, 21957 edges
[44b6_267148e4] after short-track filtering: 22305 nodes, 21335 edges (components_removed = 178)
[44b6_267148e4] FINAL: 22305 nodes, 21335 edges
[44b6_2a2eff9f] after edge-filter+motion-relink: 40928 nodes, 38160 edges
[44b6_2a2eff9f] after gap-closing (single-frame + gap2): 41547 nodes, 39318 edges
[44b6_2a2eff9f] after safe-division repair: 41547 nodes, 39362 edges (geometric_candidates = 345, deepcenter_rejected = 301, post_veto_candidates = 44, added = 44, cap_skipped = 0, mutual_nn_rejected = 84, divergence_rejected = 1869)
[44b6_2a2eff9f] after division-geometry-filter+prune-isolated: 41547 nodes, 39362 edges
[44b6_2a2eff9f] after short-track filtering: 39951 nodes, 38122 edges (components_removed = 356)
[44b6_2a2eff9f] FINAL: 39951 nodes, 38122 edges
[44b6_341df25f] after edge-filter+motion-relink: 8523 nodes, 8186 edges
[44b6_341df25f] after gap-closing (single-frame + gap2): 8576 nodes, 8277 edges
[44b6_341df25f] after safe-division repair: 8576 nodes, 8289 edges (geometric_candidates = 41, deepcenter_rejected = 27, post_veto_candidates = 14, added = 12, cap_skipped = 0, mutual_nn_rejected = 4, divergence_rejected = 155)
[44b6_341df25f] after division-geometry-filter+prune-isolated: 8576 nodes, 8289 edges
[44b6_341df25f] after short-track filtering: 8382 nodes, 8138 edges (components_removed = 43)
[44b6_341df25f] FINAL: 8382 nodes, 8138 edges
[6bba_062c8d37] after edge-filter+motion-relink: 5997 nodes, 5657 edges
[6bba_062c8d37] after gap-closing (single-frame + gap2): 6050 nodes, 5755 edges
[6bba_062c8d37] after safe-division repair: 6050 nodes, 5761 edges (geometric_candidates = 19, deepcenter_rejected = 12, post_veto_candidates = 7, added = 6, cap_skipped = 0, mutual_nn_rejected = 2, divergence_rejected = 53)
[6bba_062c8d37] after division-geometry-filter+prune-isolated: 6029 nodes, 5761 edges
[6bba_062c8d37] after short-track filtering: 5901 nodes, 5663 edges (components_removed = 30)
[6bba_062c8d37] FINAL: 5901 nodes, 5663 edges
[6bba_07e24132] after edge-filter+motion-relink: 29751 nodes, 27967 edges
[6bba_07e24132] after gap-closing (single-frame + gap2): 30150 nodes, 28702 edges
[6bba_07e24132] after safe-division repair: 30150 nodes, 28712 edges (geometric_candidates = 130, deepcenter_rejected = 120, post_veto_candidates = 10, added = 10, cap_skipped = 0, mutual_nn_rejected = 98, divergence_rejected = 1196)
[6bba_07e24132] after division-geometry-filter+prune-isolated: 30150 nodes, 28712 edges
[6bba_07e24132] after short-track filtering: 29061 nodes, 27866 edges (components_removed = 243)
[6bba_07e24132] FINAL: 29061 nodes, 27866 edges
[6bba_085bf656] after edge-filter+motion-relink: 8417 nodes, 8082 edges
[6bba_085bf656] after gap-closing (single-frame + gap2): 8437 nodes, 8119 edges
[6bba_085bf656] after safe-division repair: 8437 nodes, 8123 edges (geometric_candidates = 22, deepcenter_rejected = 18, post_veto_candidates = 4, added = 4, cap_skipped = 0, mutual_nn_rejected = 4, divergence_rejected = 106)
[6bba_085bf656] after division-geometry-filter+prune-isolated: 8434 nodes, 8123 edges
[6bba_085bf656] after short-track filtering: 8271 nodes, 7995 edges (components_removed = 35)
[6bba_085bf656] FINAL: 8271 nodes, 7995 edges
[6bba_09961292] after edge-filter+motion-relink: 29955 nodes, 28653 edges
[6bba_09961292] after gap-closing (single-frame + gap2): 30229 nodes, 29156 edges
[6bba_09961292] after safe-division repair: 30229 nodes, 29186 edges (geometric_candidates = 125, deepcenter_rejected = 89, post_veto_candidates = 36, added = 30, cap_skipped = 0, mutual_nn_rejected = 95, divergence_rejected = 1112)
[6bba_09961292] after division-geometry-filter+prune-isolated: 30229 nodes, 29186 edges
[6bba_09961292] after short-track filtering: 29659 nodes, 28746 edges (components_removed = 130)
[6bba_09961292] FINAL: 29659 nodes, 28746 edges
VALIDATOR candidate: reuse28 proxy = 0.973575 adjusted edge = 0.942806
[44b6_12dfb391] after edge-filter+motion-relink: 45351 nodes, 42870 edges
[44b6_12dfb391] after gap-closing (single-frame + gap2): 46054 nodes, 44201 edges
[44b6_12dfb391] after safe-division repair: 46054 nodes, 44234 edges (geometric_candidates = 177, deepcenter_rejected = 144, post_veto_candidates = 33, added = 33, cap_skipped = 0, mutual_nn_rejected = 68, divergence_rejected = 1712)
[44b6_12dfb391] after division-geometry-filter+prune-isolated: 46054 nodes, 44234 edges
[44b6_12dfb391] after short-track filtering: 44782 nodes, 43248 edges (components_removed = 286)
[44b6_12dfb391] FINAL: 44782 nodes, 43248 edges
[44b6_267148e4] after edge-filter+motion-relink: 22829 nodes, 21426 edges
[44b6_267148e4] after gap-closing (single-frame + gap2): 23094 nodes, 21903 edges
[44b6_267148e4] after safe-division repair: 23094 nodes, 21932 edges (geometric_candidates = 221, deepcenter_rejected = 186, post_veto_candidates = 35, added = 29, cap_skipped = 0, mutual_nn_rejected = 129, divergence_rejected = 1051)
[44b6_267148e4] after division-geometry-filter+prune-isolated: 23093 nodes, 21932 edges
[44b6_267148e4] after short-track filtering: 22285 nodes, 21304 edges (components_removed = 180)
[44b6_267148e4] FINAL: 22285 nodes, 21304 edges
[44b6_2a2eff9f] after edge-filter+motion-relink: 40928 nodes, 38160 edges
[44b6_2a2eff9f] after gap-closing (single-frame + gap2): 41529 nodes, 39282 edges
[44b6_2a2eff9f] after safe-division repair: 41529 nodes, 39327 edges (geometric_candidates = 349, deepcenter_rejected = 304, post_veto_candidates = 45, added = 45, cap_skipped = 0, mutual_nn_rejected = 84, divergence_rejected = 1892)
[44b6_2a2eff9f] after division-geometry-filter+prune-isolated: 41529 nodes, 39327 edges
[44b6_2a2eff9f] after short-track filtering: 39898 nodes, 38060 edges (components_removed = 364)
[44b6_2a2eff9f] FINAL: 39898 nodes, 38060 edges
[44b6_341df25f] after edge-filter+motion-relink: 8523 nodes, 8186 edges
[44b6_341df25f] after gap-closing (single-frame + gap2): 8576 nodes, 8277 edges
[44b6_341df25f] after safe-division repair: 8576 nodes, 8289 edges (geometric_candidates = 41, deepcenter_rejected = 27, post_veto_candidates = 14, added = 12, cap_skipped = 0, mutual_nn_rejected = 4, divergence_rejected = 155)
[44b6_341df25f] after division-geometry-filter+prune-isolated: 8576 nodes, 8289 edges
[44b6_341df25f] after short-track filtering: 8382 nodes, 8138 edges (components_removed = 43)
[44b6_341df25f] FINAL: 8382 nodes, 8138 edges
[6bba_062c8d37] after edge-filter+motion-relink: 5997 nodes, 5657 edges
[6bba_062c8d37] after gap-closing (single-frame + gap2): 6050 nodes, 5755 edges
[6bba_062c8d37] after safe-division repair: 6050 nodes, 5761 edges (geometric_candidates = 19, deepcenter_rejected = 12, post_veto_candidates = 7, added = 6, cap_skipped = 0, mutual_nn_rejected = 2, divergence_rejected = 53)
[6bba_062c8d37] after division-geometry-filter+prune-isolated: 6029 nodes, 5761 edges
[6bba_062c8d37] after short-track filtering: 5901 nodes, 5663 edges (components_removed = 30)
[6bba_062c8d37] FINAL: 5901 nodes, 5663 edges
[6bba_07e24132] after edge-filter+motion-relink: 29751 nodes, 27967 edges
[6bba_07e24132] after gap-closing (single-frame + gap2): 30148 nodes, 28698 edges
[6bba_07e24132] after safe-division repair: 30148 nodes, 28708 edges (geometric_candidates = 130, deepcenter_rejected = 120, post_veto_candidates = 10, added = 10, cap_skipped = 0, mutual_nn_rejected = 98, divergence_rejected = 1199)
[6bba_07e24132] after division-geometry-filter+prune-isolated: 30148 nodes, 28708 edges
[6bba_07e24132] after short-track filtering: 29049 nodes, 27854 edges (components_removed = 245)
[6bba_07e24132] FINAL: 29049 nodes, 27854 edges
[6bba_085bf656] after edge-filter+motion-relink: 8417 nodes, 8082 edges
[6bba_085bf656] after gap-closing (single-frame + gap2): 8437 nodes, 8119 edges
[6bba_085bf656] after safe-division repair: 8437 nodes, 8123 edges (geometric_candidates = 22, deepcenter_rejected = 18, post_veto_candidates = 4, added = 4, cap_skipped = 0, mutual_nn_rejected = 4, divergence_rejected = 106)
[6bba_085bf656] after division-geometry-filter+prune-isolated: 8434 nodes, 8123 edges
[6bba_085bf656] after short-track filtering: 8271 nodes, 7995 edges (components_removed = 35)
[6bba_085bf656] FINAL: 8271 nodes, 7995 edges
[6bba_09961292] after edge-filter+motion-relink: 29955 nodes, 28653 edges
[6bba_09961292] after gap-closing (single-frame + gap2): 30226 nodes, 29149 edges
[6bba_09961292] after safe-division repair: 30226 nodes, 29178 edges (geometric_candidates = 123, deepcenter_rejected = 88, post_veto_candidates = 35, added = 29, cap_skipped = 0, mutual_nn_rejected = 96, divergence_rejected = 1121)
[6bba_09961292] after division-geometry-filter+prune-isolated: 30226 nodes, 29178 edges
[6bba_09961292] after short-track filtering: 29654 nodes, 28737 edges (components_removed = 131)
[6bba_09961292] FINAL: 29654 nodes, 28737 edges
VALIDATOR candidate: dcgap035 proxy = 0.973591 adjusted edge = 0.942822
VALIDATOR selected config: base {}
